Archive member included to satisfy reference by file (symbol)

/opt/st/stm32cubeide_1.4.0/plugins/com.st.stm32cube.ide.mcu.externaltools.gnu-tools-for-stm32.7-2018-q2-update.linux64_1.4.0.202007081208/tools/bin/../lib/gcc/arm-none-eabi/7.3.1/../../../../arm-none-eabi/lib/thumb/v7e-m/fpv4-sp/hard/libstdc++_nano.a(del_ops.o)
                              Core/Src/ControllerPID.o (operator delete(void*, unsigned int))
/opt/st/stm32cubeide_1.4.0/plugins/com.st.stm32cube.ide.mcu.externaltools.gnu-tools-for-stm32.7-2018-q2-update.linux64_1.4.0.202007081208/tools/bin/../lib/gcc/arm-none-eabi/7.3.1/../../../../arm-none-eabi/lib/thumb/v7e-m/fpv4-sp/hard/libstdc++_nano.a(del_op.o)
                              /opt/st/stm32cubeide_1.4.0/plugins/com.st.stm32cube.ide.mcu.externaltools.gnu-tools-for-stm32.7-2018-q2-update.linux64_1.4.0.202007081208/tools/bin/../lib/gcc/arm-none-eabi/7.3.1/../../../../arm-none-eabi/lib/thumb/v7e-m/fpv4-sp/hard/libstdc++_nano.a(del_ops.o) (operator delete(void*))
/opt/st/stm32cubeide_1.4.0/plugins/com.st.stm32cube.ide.mcu.externaltools.gnu-tools-for-stm32.7-2018-q2-update.linux64_1.4.0.202007081208/tools/bin/../lib/gcc/arm-none-eabi/7.3.1/../../../../arm-none-eabi/lib/thumb/v7e-m/fpv4-sp/hard/libc_nano.a(lib_a-errno.o)
                              Core/Src/syscalls.o (__errno)
/opt/st/stm32cubeide_1.4.0/plugins/com.st.stm32cube.ide.mcu.externaltools.gnu-tools-for-stm32.7-2018-q2-update.linux64_1.4.0.202007081208/tools/bin/../lib/gcc/arm-none-eabi/7.3.1/../../../../arm-none-eabi/lib/thumb/v7e-m/fpv4-sp/hard/libc_nano.a(lib_a-exit.o)
                              /opt/st/stm32cubeide_1.4.0/plugins/com.st.stm32cube.ide.mcu.externaltools.gnu-tools-for-stm32.7-2018-q2-update.linux64_1.4.0.202007081208/tools/bin/../lib/gcc/arm-none-eabi/7.3.1/../../../../arm-none-eabi/lib/thumb/v7e-m/fpv4-sp/hard/crt0.o (exit)
/opt/st/stm32cubeide_1.4.0/plugins/com.st.stm32cube.ide.mcu.externaltools.gnu-tools-for-stm32.7-2018-q2-update.linux64_1.4.0.202007081208/tools/bin/../lib/gcc/arm-none-eabi/7.3.1/../../../../arm-none-eabi/lib/thumb/v7e-m/fpv4-sp/hard/libc_nano.a(lib_a-impure.o)
                              /opt/st/stm32cubeide_1.4.0/plugins/com.st.stm32cube.ide.mcu.externaltools.gnu-tools-for-stm32.7-2018-q2-update.linux64_1.4.0.202007081208/tools/bin/../lib/gcc/arm-none-eabi/7.3.1/../../../../arm-none-eabi/lib/thumb/v7e-m/fpv4-sp/hard/libc_nano.a(lib_a-exit.o) (_global_impure_ptr)
/opt/st/stm32cubeide_1.4.0/plugins/com.st.stm32cube.ide.mcu.externaltools.gnu-tools-for-stm32.7-2018-q2-update.linux64_1.4.0.202007081208/tools/bin/../lib/gcc/arm-none-eabi/7.3.1/../../../../arm-none-eabi/lib/thumb/v7e-m/fpv4-sp/hard/libc_nano.a(lib_a-init.o)
                              /opt/st/stm32cubeide_1.4.0/plugins/com.st.stm32cube.ide.mcu.externaltools.gnu-tools-for-stm32.7-2018-q2-update.linux64_1.4.0.202007081208/tools/bin/../lib/gcc/arm-none-eabi/7.3.1/../../../../arm-none-eabi/lib/thumb/v7e-m/fpv4-sp/hard/crt0.o (__libc_init_array)
/opt/st/stm32cubeide_1.4.0/plugins/com.st.stm32cube.ide.mcu.externaltools.gnu-tools-for-stm32.7-2018-q2-update.linux64_1.4.0.202007081208/tools/bin/../lib/gcc/arm-none-eabi/7.3.1/../../../../arm-none-eabi/lib/thumb/v7e-m/fpv4-sp/hard/libc_nano.a(lib_a-malloc.o)
                              /opt/st/stm32cubeide_1.4.0/plugins/com.st.stm32cube.ide.mcu.externaltools.gnu-tools-for-stm32.7-2018-q2-update.linux64_1.4.0.202007081208/tools/bin/../lib/gcc/arm-none-eabi/7.3.1/../../../../arm-none-eabi/lib/thumb/v7e-m/fpv4-sp/hard/libstdc++_nano.a(del_op.o) (free)
/opt/st/stm32cubeide_1.4.0/plugins/com.st.stm32cube.ide.mcu.externaltools.gnu-tools-for-stm32.7-2018-q2-update.linux64_1.4.0.202007081208/tools/bin/../lib/gcc/arm-none-eabi/7.3.1/../../../../arm-none-eabi/lib/thumb/v7e-m/fpv4-sp/hard/libc_nano.a(lib_a-memset.o)
                              /opt/st/stm32cubeide_1.4.0/plugins/com.st.stm32cube.ide.mcu.externaltools.gnu-tools-for-stm32.7-2018-q2-update.linux64_1.4.0.202007081208/tools/bin/../lib/gcc/arm-none-eabi/7.3.1/../../../../arm-none-eabi/lib/thumb/v7e-m/fpv4-sp/hard/crt0.o (memset)
/opt/st/stm32cubeide_1.4.0/plugins/com.st.stm32cube.ide.mcu.externaltools.gnu-tools-for-stm32.7-2018-q2-update.linux64_1.4.0.202007081208/tools/bin/../lib/gcc/arm-none-eabi/7.3.1/../../../../arm-none-eabi/lib/thumb/v7e-m/fpv4-sp/hard/libc_nano.a(lib_a-nano-freer.o)
                              /opt/st/stm32cubeide_1.4.0/plugins/com.st.stm32cube.ide.mcu.externaltools.gnu-tools-for-stm32.7-2018-q2-update.linux64_1.4.0.202007081208/tools/bin/../lib/gcc/arm-none-eabi/7.3.1/../../../../arm-none-eabi/lib/thumb/v7e-m/fpv4-sp/hard/libc_nano.a(lib_a-malloc.o) (_free_r)
/opt/st/stm32cubeide_1.4.0/plugins/com.st.stm32cube.ide.mcu.externaltools.gnu-tools-for-stm32.7-2018-q2-update.linux64_1.4.0.202007081208/tools/bin/../lib/gcc/arm-none-eabi/7.3.1/../../../../arm-none-eabi/lib/thumb/v7e-m/fpv4-sp/hard/libc_nano.a(lib_a-nano-mallocr.o)
[...]
Memory Configuration

Name             Origin             Length             Attributes
CCMRAM           0x0000000010000000 0x0000000000010000 xrw
RAM              0x0000000020000000 0x0000000000020000 xrw
FLASH            0x0000000008000000 0x0000000000100000 xr
*default*        0x0000000000000000 0xffffffffffffffff

Linker script and memory map

LOAD /opt/st/stm32cubeide_1.4.0/plugins/com.st.stm32cube.ide.mcu.externaltools.gnu-tools-for-stm32.7-2018-q2-update.linux64_1.4.0.202007081208/tools/bin/../lib/gcc/arm-none-eabi/7.3.1/thumb/v7e-m/fpv4-sp/hard/crti.o
LOAD /opt/st/stm32cubeide_1.4.0/plugins/com.st.stm32cube.ide.mcu.externaltools.gnu-tools-for-stm32.7-2018-q2-update.linux64_1.4.0.202007081208/tools/bin/../lib/gcc/arm-none-eabi/7.3.1/thumb/v7e-m/fpv4-sp/hard/crtbegin.o
LOAD /opt/st/stm32cubeide_1.4.0/plugins/com.st.stm32cube.ide.mcu.externaltools.gnu-tools-for-stm32.7-2018-q2-update.linux64_1.4.0.202007081208/tools/bin/../lib/gcc/arm-none-eabi/7.3.1/../../../../arm-none-eabi/lib/thumb/v7e-m/fpv4-sp/hard/crt0.o
LOAD Core/Src/ControllerPID.o
LOAD Core/Src/ILI9341.o
LOAD Core/Src/Load.o
LOAD Core/Src/MAX31855.o
LOAD Core/Src/Touch.o
LOAD Core/Src/adc.o
LOAD Core/Src/functions.o
LOAD Core/Src/gpio.o
LOAD Core/Src/main.o
LOAD Core/Src/spi.o
LOAD Core/Src/stm32f4xx_hal_msp.o
LOAD Core/Src/stm32f4xx_it.o
LOAD Core/Src/syscalls.o
LOAD Core/Src/sysmem.o
LOAD Core/Src/system_stm32f4xx.o
LOAD Core/Src/tim.o
LOAD Core/Startup/startup_stm32f405rgtx.o
LOAD Drivers/STM32F4xx_HAL_Driver/Src/stm32f4xx_hal.o
LOAD Drivers/STM32F4xx_HAL_Driver/Src/stm32f4xx_hal_adc.o
LOAD Drivers/STM32F4xx_HAL_Driver/Src/stm32f4xx_hal_adc_ex.o
LOAD Drivers/STM32F4xx_HAL_Driver/Src/stm32f4xx_hal_cortex.o
LOAD Drivers/STM32F4xx_HAL_Driver/Src/stm32f4xx_hal_dma.o
LOAD Drivers/STM32F4xx_HAL_Driver/Src/stm32f4xx_hal_dma_ex.o
LOAD Drivers/STM32F4xx_HAL_Driver/Src/stm32f4xx_hal_exti.o
LOAD Drivers/STM32F4xx_HAL_Driver/Src/stm32f4xx_hal_flash.o
LOAD Drivers/STM32F4xx_HAL_Driver/Src/stm32f4xx_hal_flash_ex.o
LOAD Drivers/STM32F4xx_HAL_Driver/Src/stm32f4xx_hal_flash_ramfunc.o
LOAD Drivers/STM32F4xx_HAL_Driver/Src/stm32f4xx_hal_gpio.o
LOAD Drivers/STM32F4xx_HAL_Driver/Src/stm32f4xx_hal_pwr.o
LOAD Drivers/STM32F4xx_HAL_Driver/Src/stm32f4xx_hal_pwr_ex.o
LOAD Drivers/STM32F4xx_HAL_Driver/Src/stm32f4xx_hal_rcc.o
LOAD Drivers/STM32F4xx_HAL_Driver/Src/stm32f4xx_hal_rcc_ex.o
LOAD Drivers/STM32F4xx_HAL_Driver/Src/stm32f4xx_hal_spi.o
LOAD Drivers/STM32F4xx_HAL_Driver/Src/stm32f4xx_hal_tim.o
LOAD Drivers/STM32F4xx_HAL_Driver/Src/stm32f4xx_hal_tim_ex.o
START GROUP
LOAD /opt/st/stm32cubeide_1.4.0/plugins/com.st.stm32cube.ide.mcu.externaltools.gnu-tools-for-stm32.7-2018-q2-update.linux64_1.4.0.202007081208/tools/bin/../lib/gcc/arm-none-eabi/7.3.1/../../../../arm-none-eabi/lib/thumb/v7e-m/fpv4-sp/hard/libstdc++_nano.a
LOAD /opt/st/stm32cubeide_1.4.0/plugins/com.st.stm32cube.ide.mcu.externaltools.gnu-tools-for-stm32.7-2018-q2-update.linux64_1.4.0.202007081208/tools/bin/../lib/gcc/arm-none-eabi/7.3.1/../../../../arm-none-eabi/lib/thumb/v7e-m/fpv4-sp/hard/libsupc++_nano.a
END GROUP
LOAD /opt/st/stm32cubeide_1.4.0/plugins/com.st.stm32cube.ide.mcu.externaltools.gnu-tools-for-stm32.7-2018-q2-update.linux64_1.4.0.202007081208/tools/bin/../lib/gcc/arm-none-eabi/7.3.1/../../../../arm-none-eabi/lib/thumb/v7e-m/fpv4-sp/hard/libstdc++_nano.a
LOAD /opt/st/stm32cubeide_1.4.0/plugins/com.st.stm32cube.ide.mcu.externaltools.gnu-tools-for-stm32.7-2018-q2-update.linux64_1.4.0.202007081208/tools/bin/../lib/gcc/arm-none-eabi/7.3.1/../../../../arm-none-eabi/lib/thumb/v7e-m/fpv4-sp/hard/libm.a
LOAD /opt/st/stm32cubeide_1.4.0/plugins/com.st.stm32cube.ide.mcu.externaltools.gnu-tools-for-stm32.7-2018-q2-update.linux64_1.4.0.202007081208/tools/bin/../lib/gcc/arm-none-eabi/7.3.1/../../../../arm-none-eabi/lib/thumb/v7e-m/fpv4-sp/hard/libc_nano.a
START GROUP
LOAD /opt/st/stm32cubeide_1.4.0/plugins/com.st.stm32cube.ide.mcu.externaltools.gnu-tools-for-stm32.7-2018-q2-update.linux64_1.4.0.202007081208/tools/bin/../lib/gcc/arm-none-eabi/7.3.1/thumb/v7e-m/fpv4-sp/hard/libgcc.a
LOAD /opt/st/stm32cubeide_1.4.0/plugins/com.st.stm32cube.ide.mcu.externaltools.gnu-tools-for-stm32.7-2018-q2-update.linux64_1.4.0.202007081208/tools/bin/../lib/gcc/arm-none-eabi/7.3.1/../../../../arm-none-eabi/lib/thumb/v7e-m/fpv4-sp/hard/libc_nano.a
END GROUP
START GROUP
LOAD /opt/st/stm32cubeide_1.4.0/plugins/com.st.stm32cube.ide.mcu.externaltools.gnu-tools-for-stm32.7-2018-q2-update.linux64_1.4.0.202007081208/tools/bin/../lib/gcc/arm-none-eabi/7.3.1/thumb/v7e-m/fpv4-sp/hard/libgcc.a
LOAD /opt/st/stm32cubeide_1.4.0/plugins/com.st.stm32cube.ide.mcu.externaltools.gnu-tools-for-stm32.7-2018-q2-update.linux64_1.4.0.202007081208/tools/bin/../lib/gcc/arm-none-eabi/7.3.1/../../../../arm-none-eabi/lib/thumb/v7e-m/fpv4-sp/hard/libc_nano.a
LOAD /opt/st/stm32cubeide_1.4.0/plugins/com.st.stm32cube.ide.mcu.externaltools.gnu-tools-for-stm32.7-2018-q2-update.linux64_1.4.0.202007081208/tools/bin/../lib/gcc/arm-none-eabi/7.3.1/../../../../arm-none-eabi/lib/thumb/v7e-m/fpv4-sp/hard/libnosys.a
END GROUP
START GROUP
LOAD /opt/st/stm32cubeide_1.4.0/plugins/com.st.stm32cube.ide.mcu.externaltools.gnu-tools-for-stm32.7-2018-q2-update.linux64_1.4.0.202007081208/tools/bin/../lib/gcc/arm-none-eabi/7.3.1/thumb/v7e-m/fpv4-sp/hard/libgcc.a
LOAD /opt/st/stm32cubeide_1.4.0/plugins/com.st.stm32cube.ide.mcu.externaltools.gnu-tools-for-stm32.7-2018-q2-update.linux64_1.4.0.202007081208/tools/bin/../lib/gcc/arm-none-eabi/7.3.1/../../../../arm-none-eabi/lib/thumb/v7e-m/fpv4-sp/hard/libc_nano.a
LOAD /opt/st/stm32cubeide_1.4.0/plugins/com.st.stm32cube.ide.mcu.externaltools.gnu-tools-for-stm32.7-2018-q2-update.linux64_1.4.0.202007081208/tools/bin/../lib/gcc/arm-none-eabi/7.3.1/../../../../arm-none-eabi/lib/thumb/v7e-m/fpv4-sp/hard/libnosys.a
END GROUP
LOAD /opt/st/stm32cubeide_1.4.0/plugins/com.st.stm32cube.ide.mcu.externaltools.gnu-tools-for-stm32.7-2018-q2-update.linux64_1.4.0.202007081208/tools/bin/../lib/gcc/arm-none-eabi/7.3.1/thumb/v7e-m/fpv4-sp/hard/crtend.o
LOAD /opt/st/stm32cubeide_1.4.0/plugins/com.st.stm32cube.ide.mcu.externaltools.gnu-tools-for-stm32.7-2018-q2-update.linux64_1.4.0.202007081208/tools/bin/../lib/gcc/arm-none-eabi/7.3.1/thumb/v7e-m/fpv4-sp/hard/crtn.o
                0x0000000020020000                _estack = (ORIGIN (RAM) + LENGTH (RAM))
                0x0000000000000800                _Min_Heap_Size = 0x800
                0x0000000000000400                _Min_Stack_Size = 0x400

.isr_vector     0x0000000008000000      0x188
                0x0000000008000000                . = ALIGN (0x4)
 *(.isr_vector)
 .isr_vector    0x0000000008000000      0x188 Core/Startup/startup_stm32f405rgtx.o
                0x0000000008000000                g_pfnVectors
                0x0000000008000188                . = ALIGN (0x4)

.text           0x0000000008000190     0x91e8
                0x0000000008000190                . = ALIGN (0x4)
 *(.text)
 .text          0x0000000008000190       0x40 /opt/st/stm32cubeide_1.4.0/plugins/com.st.stm32cube.ide.mcu.externaltools.gnu-tools-for-stm32.7-2018-q2-update.linux64_1.4.0.202007081208/tools/bin/../lib/gcc/arm-none-eabi/7.3.1/thumb/v7e-m/fpv4-sp/hard/crtbegin.o
 .text          0x00000000080001d0       0x10 /opt/st/stm32cubeide_1.4.0/plugins/com.st.stm32cube.ide.mcu.externaltools.gnu-tools-for-stm32.7-2018-q2-update.linux64_1.4.0.202007081208/tools/bin/../lib/gcc/arm-none-eabi/7.3.1/../../../../arm-none-eabi/lib/thumb/v7e-m/fpv4-sp/hard/libc_nano.a(lib_a-strlen.o)
                0x00000000080001d0                strlen
 .text          0x00000000080001e0       0xa0 /opt/st/stm32cubeide_1.4.0/plugins/com.st.stm32cube.ide.mcu.externaltools.gnu-tools-for-stm32.7-2018-q2-update.linux64_1.4.0.202007081208/tools/bin/../lib/gcc/arm-none-eabi/7.3.1/../../../../arm-none-eabi/lib/thumb/v7e-m/fpv4-sp/hard/libc_nano.a(lib_a-memchr.o)
                0x00000000080001e0                memchr
 .text          0x0000000008000280      0x378 /opt/st/stm32cubeide_1.4.0/plugins/com.st.stm32cube.ide.mcu.externaltools.gnu-tools-for-stm32.7-2018-q2-update.linux64_1.4.0.202007081208/tools/bin/../lib/gcc/arm-none-eabi/7.3.1/thumb/v7e-m/fpv4-sp/hard/libgcc.a(_arm_addsubdf3.o)
                0x0000000008000280                __aeabi_drsub
                0x0000000008000288                __aeabi_dsub
                0x0000000008000288                __subdf3
                0x000000000800028c                __adddf3
                0x000000000800028c                __aeabi_dadd
                0x0000000008000504                __aeabi_ui2d
                0x0000000008000504                __floatunsidf
                0x0000000008000524                __floatsidf
                0x0000000008000524                __aeabi_i2d
                0x0000000008000548                __extendsfdf2
                0x0000000008000548                __aeabi_f2d
                0x000000000800058c                __aeabi_ul2d
                0x000000000800058c                __floatundidf
                0x000000000800059c                __floatdidf
                0x000000000800059c                __aeabi_l2d
 .text          0x00000000080005f8      0x424 /opt/st/stm32cubeide_1.4.0/plugins/com.st.stm32cube.ide.mcu.externaltools.gnu-tools-for-stm32.7-2018-q2-update.linux64_1.4.0.202007081208/tools/bin/../lib/gcc/arm-none-eabi/7.3.1/thumb/v7e-m/fpv4-sp/hard/libgcc.a(_arm_muldivdf3.o)
                0x00000000080005f8                __aeabi_dmul
                0x00000000080005f8                __muldf3
                0x000000000800084c                __aeabi_ddiv
                0x000000000800084c                __divdf3
 .text          0x0000000008000a1c      0x110 /opt/st/stm32cubeide_1.4.0/plugins/com.st.stm32cube.ide.mcu.externaltools.gnu-tools-for-stm32.7-2018-q2-update.linux64_1.4.0.202007081208/tools/bin/../lib/gcc/arm-none-eabi/7.3.1/thumb/v7e-m/fpv4-sp/hard/libgcc.a(_arm_cmpdf2.o)
                0x0000000008000a1c                __gtdf2
                0x0000000008000a1c                __gedf2
                0x0000000008000a24                __ltdf2
                0x0000000008000a24                __ledf2
                0x0000000008000a2c                __cmpdf2
                0x0000000008000a2c                __eqdf2
                0x0000000008000a2c                __nedf2
                0x0000000008000aa8                __aeabi_cdrcmple
                0x0000000008000ab8                __aeabi_cdcmple
                0x0000000008000ab8                __aeabi_cdcmpeq
                0x0000000008000ac8                __aeabi_dcmpeq
                0x0000000008000adc                __aeabi_dcmplt
                0x0000000008000af0                __aeabi_dcmple
                0x0000000008000b04                __aeabi_dcmpge
                0x0000000008000b18                __aeabi_dcmpgt
 .text          0x0000000008000b2c       0x2c /opt/st/stm32cubeide_1.4.0/plugins/com.st.stm32cube.ide.mcu.externaltools.gnu-tools-for-stm32.7-2018-q2-update.linux64_1.4.0.202007081208/tools/bin/../lib/gcc/arm-none-eabi/7.3.1/thumb/v7e-m/fpv4-sp/hard/libgcc.a(_arm_unorddf2.o)
                0x0000000008000b2c                __aeabi_dcmpun
                0x0000000008000b2c                __unorddf2
 .text          0x0000000008000b58       0x50 /opt/st/stm32cubeide_1.4.0/plugins/com.st.stm32cube.ide.mcu.externaltools.gnu-tools-for-stm32.7-2018-q2-update.linux64_1.4.0.202007081208/tools/bin/../lib/gcc/arm-none-eabi/7.3.1/thumb/v7e-m/fpv4-sp/hard/libgcc.a(_arm_fixdfsi.o)
                0x0000000008000b58                __fixdfsi
                0x0000000008000b58                __aeabi_d2iz
 .text          0x0000000008000ba8       0x30 /opt/st/stm32cubeide_1.4.0/plugins/com.st.stm32cube.ide.mcu.externaltools.gnu-tools-for-stm32.7-2018-q2-update.linux64_1.4.0.202007081208/tools/bin/../lib/gcc/arm-none-eabi/7.3.1/thumb/v7e-m/fpv4-sp/hard/libgcc.a(_aeabi_uldivmod.o)
                0x0000000008000ba8                __aeabi_uldivmod
 .text          0x0000000008000bd8      0x2cc /opt/st/stm32cubeide_1.4.0/plugins/com.st.stm32cube.ide.mcu.externaltools.gnu-tools-for-stm32.7-2018-q2-update.linux64_1.4.0.202007081208/tools/bin/../lib/gcc/arm-none-eabi/7.3.1/thumb/v7e-m/fpv4-sp/hard/libgcc.a(_udivmoddi4.o)
                0x0000000008000bd8                __udivmoddi4
 .text          0x0000000008000ea4        0x4 /opt/st/stm32cubeide_1.4.0/plugins/com.st.stm32cube.ide.mcu.externaltools.gnu-tools-for-stm32.7-2018-q2-update.linux64_1.4.0.202007081208/tools/bin/../lib/gcc/arm-none-eabi/7.3.1/thumb/v7e-m/fpv4-sp/hard/libgcc.a(_dvmd_tls.o)
                0x0000000008000ea4                __aeabi_ldiv0
                0x0000000008000ea4                __aeabi_idiv0
 *(.text*)
 .text._ZN13ControllerPIDC2Ev
                0x0000000008000ea8       0x68 Core/Src/ControllerPID.o
                0x0000000008000ea8                ControllerPID::ControllerPID()
                0x0000000008000ea8                ControllerPID::ControllerPID()
 .text._ZN13ControllerPID4InitEf
                0x0000000008000f10       0x3c Core/Src/ControllerPID.o
                0x0000000008000f10                ControllerPID::Init(float)
 .text._ZN13ControllerPID13ClampIntegralEv
                0x0000000008000f4c       0xb0 Core/Src/ControllerPID.o
                0x0000000008000f4c                ControllerPID::ClampIntegral()
 .text._ZN13ControllerPID6UpdateEf
                0x0000000008000ffc       0xf4 Core/Src/ControllerPID.o
                0x0000000008000ffc                ControllerPID::Update(float)
 .text._ZNK13ControllerPID9GetOutputEv
                0x00000000080010f0       0x1e Core/Src/ControllerPID.o
                0x00000000080010f0                ControllerPID::GetOutput() const
 .text._ZNK13ControllerPID9GetTargetEv
                0x000000000800110e       0x1e Core/Src/ControllerPID.o
                0x000000000800110e                ControllerPID::GetTarget() const
 .text._ZN13ControllerPID9SetTargetEf
                0x000000000800112c       0x5e Core/Src/ControllerPID.o
                0x000000000800112c                ControllerPID::SetTarget(float)
 .text._ZNK13ControllerPID15GetProportionalEv
                0x000000000800118a       0x1e Core/Src/ControllerPID.o
                0x000000000800118a                ControllerPID::GetProportional() const
 .text._ZNK13ControllerPID11GetIntegralEv
                0x00000000080011a8       0x1e Core/Src/ControllerPID.o
                0x00000000080011a8                ControllerPID::GetIntegral() const
 .text._ZNK13ControllerPID13GetDerivativeEv
                0x00000000080011c6       0x1e Core/Src/ControllerPID.o
                0x00000000080011c6                ControllerPID::GetDerivative() const
 .text._ZN13ControllerPIDD2Ev
                0x00000000080011e4       0x20 Core/Src/ControllerPID.o
                0x00000000080011e4                ControllerPID::~ControllerPID()
                0x00000000080011e4                ControllerPID::~ControllerPID()
 .text._ZN13ControllerPIDD0Ev
                0x0000000008001204       0x20 Core/Src/ControllerPID.o
                0x0000000008001204                ControllerPID::~ControllerPID()
 .text._ZN10img_data_tC2EPKtttttm
                0x0000000008001224       0x48 Core/Src/ILI9341.o
                0x0000000008001224                img_data_t::img_data_t(unsigned short const*, unsigned short, unsigned short, unsigned short, unsigned short, unsigned long)
                0x0000000008001224                img_data_t::img_data_t(unsigned short const*, unsigned short, unsigned short, unsigned short, unsigned short, unsigned long)
 .text._ZN7ILI9341D2Ev
                0x000000000800126c       0x20 Core/Src/ILI9341.o
                0x000000000800126c                ILI9341::~ILI9341()
                0x000000000800126c                ILI9341::~ILI9341()
 .text._ZN7ILI9341D0Ev
                0x000000000800128c       0x20 Core/Src/ILI9341.o
                0x000000000800128c                ILI9341::~ILI9341()
 .text._ZN7ILI9341C2Eh
                0x00000000080012ac       0x2c Core/Src/ILI9341.o
                0x00000000080012ac                ILI9341::ILI9341(unsigned char)
                0x00000000080012ac                ILI9341::ILI9341(unsigned char)
 .text._ZN7ILI934111SendCommandEh
                0x00000000080012d8       0x58 Core/Src/ILI9341.o
                0x00000000080012d8                ILI9341::SendCommand(unsigned char)
 .text._ZN7ILI93418SendDataEh
                0x0000000008001330       0x58 Core/Src/ILI9341.o
                0x0000000008001330                ILI9341::SendData(unsigned char)
 .text._ZN7ILI934117SetCursorPositionEtttt
                0x0000000008001388       0xa2 Core/Src/ILI9341.o
                0x0000000008001388                ILI9341::SetCursorPosition(unsigned short, unsigned short, unsigned short, unsigned short)
 .text._ZN7ILI93414InitEv
                0x000000000800142a      0x160 Core/Src/ILI9341.o
                0x000000000800142a                ILI9341::Init()
 *fill*         0x000000000800158a        0x2 
 .text._ZN7ILI93415ResetEv
                0x000000000800158c       0x2c Core/Src/ILI9341.o
                0x000000000800158c                ILI9341::Reset()
 .text._ZN7ILI934111SetRotationEh
                0x00000000080015b8       0xa8 Core/Src/ILI9341.o
                0x00000000080015b8                ILI9341::SetRotation(unsigned char)
 .text._ZN7ILI93419DrawPixelEttt
                0x0000000008001660       0x4e Core/Src/ILI9341.o
                0x0000000008001660                ILI9341::DrawPixel(unsigned short, unsigned short, unsigned short)
 .text._ZN7ILI93414FillEt
                0x00000000080016ae       0x36 Core/Src/ILI9341.o
                0x00000000080016ae                ILI9341::Fill(unsigned short)
 .text._ZN7ILI93418DrawRectEttttt
                0x00000000080016e4       0x92 Core/Src/ILI9341.o
                0x00000000080016e4                ILI9341::DrawRect(unsigned short, unsigned short, unsigned short, unsigned short, unsigned short)
 .text._ZN7ILI93418FillRectEttttt
                0x0000000008001776       0x82 Core/Src/ILI9341.o
                0x0000000008001776                ILI9341::FillRect(unsigned short, unsigned short, unsigned short, unsigned short, unsigned short)
 .text._ZN7ILI934113DrawFastHLineEssst
                0x00000000080017f8       0x6a Core/Src/ILI9341.o
                0x00000000080017f8                ILI9341::DrawFastHLine(short, short, short, unsigned short)
 .text._ZN7ILI934113DrawFastVLineEssst
                0x0000000008001862       0x6a Core/Src/ILI9341.o
                0x0000000008001862                ILI9341::DrawFastVLine(short, short, short, unsigned short)
 .text._ZN7ILI93418DrawCharEsshtth
                0x00000000080018cc      0x25c Core/Src/ILI9341.o
                0x00000000080018cc                ILI9341::DrawChar(short, short, unsigned char, unsigned short, unsigned short, unsigned char)
 .text._ZNK7ILI93415WidthEv
                0x0000000008001b28       0x18 Core/Src/ILI9341.o
                0x0000000008001b28                ILI9341::Width() const
 .text._ZNK7ILI93416HeightEv
                0x0000000008001b40       0x18 Core/Src/ILI9341.o
                0x0000000008001b40                ILI9341::Height() const
 .text._ZN7ILI93415PrintEP7label_t
                0x0000000008001b58       0x7e Core/Src/ILI9341.o
                0x0000000008001b58                ILI9341::Print(label_t*)
 .text._ZN7ILI93415ImageEP10img_data_t
                0x0000000008001bd6       0x8a Core/Src/ILI9341.o
                0x0000000008001bd6                ILI9341::Image(img_data_t*)
 .text._Z41__static_initialization_and_destruction_0ii
                0x0000000008001c60      0x154 Core/Src/ILI9341.o
 .text._GLOBAL__sub_I__ZN7ILI9341C2Eh
                0x0000000008001db4       0x10 Core/Src/ILI9341.o
 .text._ZN4LoadC2EP17TIM_HandleTypeDefS1_PV12load_state_t
                0x0000000008001dc4       0x3c Core/Src/Load.o
                0x0000000008001dc4                Load::Load(TIM_HandleTypeDef*, TIM_HandleTypeDef*, load_state_t volatile*)
                0x0000000008001dc4                Load::Load(TIM_HandleTypeDef*, TIM_HandleTypeDef*, load_state_t volatile*)
 .text._ZN4LoadD2Ev
                0x0000000008001e00       0x24 Core/Src/Load.o
                0x0000000008001e00                Load::~Load()
                0x0000000008001e00                Load::~Load()
 .text._ZN4LoadD0Ev
                0x0000000008001e24       0x20 Core/Src/Load.o
                0x0000000008001e24                Load::~Load()
 .text._ZN4Load7SetDutyEh
                0x0000000008001e44       0x8c Core/Src/Load.o
                0x0000000008001e44                Load::SetDuty(unsigned char)
 .text._ZNK4Load7GetDutyEv
                0x0000000008001ed0       0x18 Core/Src/Load.o
                0x0000000008001ed0                Load::GetDuty() const
 .text._ZN4Load2OnEv
                0x0000000008001ee8       0x18 Core/Src/Load.o
                0x0000000008001ee8                Load::On()
 .text._ZN4Load3OffEv
                0x0000000008001f00       0x18 Core/Src/Load.o
                0x0000000008001f00                Load::Off()
 .text._ZN8MAX31855D2Ev
                0x0000000008001f18       0x20 Core/Src/MAX31855.o
                0x0000000008001f18                MAX31855::~MAX31855()
                0x0000000008001f18                MAX31855::~MAX31855()
 .text._ZN8MAX31855D0Ev
                0x0000000008001f38       0x20 Core/Src/MAX31855.o
                0x0000000008001f38                MAX31855::~MAX31855()
 .text._ZN8MAX31855C2EP19__SPI_HandleTypeDefP12GPIO_TypeDeft
                0x0000000008001f58       0x4c Core/Src/MAX31855.o
                0x0000000008001f58                MAX31855::MAX31855(__SPI_HandleTypeDef*, GPIO_TypeDef*, unsigned short)
                0x0000000008001f58                MAX31855::MAX31855(__SPI_HandleTypeDef*, GPIO_TypeDef*, unsigned short)
 .text._ZN8MAX3185517ConvertToExternalEv
                0x0000000008001fa4      0x226 Core/Src/MAX31855.o
                0x0000000008001fa4                MAX31855::ConvertToExternal()
 .text._ZN8MAX3185517ConvertToInternalEv
                0x00000000080021ca      0x1ee Core/Src/MAX31855.o
                0x00000000080021ca                MAX31855::ConvertToInternal()
 .text._ZN8MAX3185515ConvertToFaultsEv
                0x00000000080023b8       0x5a Core/Src/MAX31855.o
                0x00000000080023b8                MAX31855::ConvertToFaults()
 .text._ZN8MAX318556UpdateEv
                0x0000000008002412       0x7a Core/Src/MAX31855.o
                0x0000000008002412                MAX31855::Update()
 .text._ZNK8MAX3185512ExternalTempEv
                0x000000000800248c       0x1e Core/Src/MAX31855.o
                0x000000000800248c                MAX31855::ExternalTemp() const
 *fill*         0x00000000080024aa        0x2 
 .text._ZN5TouchD2Ev
                0x00000000080024ac       0x20 Core/Src/Touch.o
                0x00000000080024ac                Touch::~Touch()
                0x00000000080024ac                Touch::~Touch()
 .text._ZN5TouchD0Ev
                0x00000000080024cc       0x20 Core/Src/Touch.o
                0x00000000080024cc                Touch::~Touch()
 .text._ZN5TouchC2EP17ADC_HandleTypeDefS1_PVhP17TIM_HandleTypeDef
                0x00000000080024ec       0x88 Core/Src/Touch.o
                0x00000000080024ec                Touch::Touch(ADC_HandleTypeDef*, ADC_HandleTypeDef*, unsigned char volatile*, TIM_HandleTypeDef*)
                0x00000000080024ec                Touch::Touch(ADC_HandleTypeDef*, ADC_HandleTypeDef*, unsigned char volatile*, TIM_HandleTypeDef*)
 .text._ZN5Touch6UpdateEv
                0x0000000008002574       0x1c Core/Src/Touch.o
                0x0000000008002574                Touch::Update()
 .text._ZN5Touch11CheckRegionEP10img_data_t
                0x0000000008002590       0x82 Core/Src/Touch.o
                0x0000000008002590                Touch::CheckRegion(img_data_t*)
 .text._ZN5Touch15StartTouchDelayEv
                0x0000000008002612       0x22 Core/Src/Touch.o
                0x0000000008002612                Touch::StartTouchDelay()
 .text._ZN5Touch5ReadXEv
                0x0000000008002634       0xa4 Core/Src/Touch.o
                0x0000000008002634                Touch::ReadX()
 .text._ZN5Touch5ReadYEv
                0x00000000080026d8       0xa0 Core/Src/Touch.o
                0x00000000080026d8                Touch::ReadY()
 .text._ZN5Touch4MapXEt
                0x0000000008002778       0x34 Core/Src/Touch.o
                0x0000000008002778                Touch::MapX(unsigned short)
 .text._ZN5Touch4MapYEt
                0x00000000080027ac       0x34 Core/Src/Touch.o
                0x00000000080027ac                Touch::MapY(unsigned short)
 .text._Z41__static_initialization_and_destruction_0ii
                0x00000000080027e0      0x154 Core/Src/Touch.o
 .text._GLOBAL__sub_I__ZN5TouchC2EP17ADC_HandleTypeDefS1_PVhP17TIM_HandleTypeDef
                0x0000000008002934       0x10 Core/Src/Touch.o
 .text.MX_ADC1_Init
                0x0000000008002944       0xa4 Core/Src/adc.o
                0x0000000008002944                MX_ADC1_Init
 .text.MX_ADC2_Init
                0x00000000080029e8       0xa4 Core/Src/adc.o
                0x00000000080029e8                MX_ADC2_Init
 .text.HAL_ADC_MspInit
                0x0000000008002a8c       0xec Core/Src/adc.o
                0x0000000008002a8c                HAL_ADC_MspInit
 .text._ZN7label_tC2EPcttttt
                0x0000000008002b78       0x48 Core/Src/functions.o
                0x0000000008002b78                label_t::label_t(char*, unsigned short, unsigned short, unsigned short, unsigned short, unsigned short)
                0x0000000008002b78                label_t::label_t(char*, unsigned short, unsigned short, unsigned short, unsigned short, unsigned short)
 .text._ZN7label_tC2Ettttt
                0x0000000008002bc0       0x46 Core/Src/functions.o
                0x0000000008002bc0                label_t::label_t(unsigned short, unsigned short, unsigned short, unsigned short, unsigned short)
                0x0000000008002bc0                label_t::label_t(unsigned short, unsigned short, unsigned short, unsigned short, unsigned short)
 .text._Z15boot_initSystemP9context_t
                0x0000000008002c06       0x98 Core/Src/functions.o
                0x0000000008002c06                boot_initSystem(context_t*)
 *fill*         0x0000000008002c9e        0x2 
 .text._Z9menu_initP9context_t
                0x0000000008002ca0       0xcc Core/Src/functions.o
                0x0000000008002ca0                menu_init(context_t*)
 .text._Z11menu_updateP9context_t
                0x0000000008002d6c       0x5c Core/Src/functions.o
                0x0000000008002d6c                menu_update(context_t*)
 .text._Z11reflow_initP9context_t
                0x0000000008002dc8       0x1a Core/Src/functions.o
                0x0000000008002dc8                reflow_init(context_t*)
 .text._Z13reflow_updateP9context_t
                0x0000000008002de2       0x14 Core/Src/functions.o
                0x0000000008002de2                reflow_update(context_t*)
 *fill*         0x0000000008002df6        0x2 
 .text._Z14temperate_initP9context_t
                0x0000000008002df8      0x2c4 Core/Src/functions.o
                0x0000000008002df8                temperate_init(context_t*)
 .text._Z16temperate_updateP9context_t
                0x00000000080030bc      0x2b4 Core/Src/functions.o
                0x00000000080030bc                temperate_update(context_t*)
 .text._Z16temperate_renderP9context_t
                0x0000000008003370      0x3b8 Core/Src/functions.o
                0x0000000008003370                temperate_render(context_t*)
 .text._Z12options_initP9context_t
                0x0000000008003728       0x1a Core/Src/functions.o
                0x0000000008003728                options_init(context_t*)
 .text._Z14options_updateP9context_t
                0x0000000008003742       0x1a Core/Src/functions.o
                0x0000000008003742                options_update(context_t*)
 .text._Z10error_showP9context_t
                0x000000000800375c       0x14 Core/Src/functions.o
                0x000000000800375c                error_show(context_t*)
 .text._Z6Microsv
                0x0000000008003770       0x70 Core/Src/functions.o
                0x0000000008003770                Micros()
 .text._Z6Millisv
                0x00000000080037e0       0x1e Core/Src/functions.o
                0x00000000080037e0                Millis()
 *fill*         0x00000000080037fe        0x2 
 .text._Z41__static_initialization_and_destruction_0ii
                0x0000000008003800      0x154 Core/Src/functions.o
 .text._GLOBAL__sub_I__Z15boot_initSystemP9context_t
                0x0000000008003954       0x10 Core/Src/functions.o
 .text.MX_GPIO_Init
                0x0000000008003964      0x144 Core/Src/gpio.o
                0x0000000008003964                MX_GPIO_Init
 .text._ZN9context_tC2EP7ILI9341P8MAX31855P5TouchP13ControllerPIDP4LoadS9_S9_
                0x0000000008003aa8       0x52 Core/Src/main.o
                0x0000000008003aa8                context_t::context_t(ILI9341*, MAX31855*, Touch*, ControllerPID*, Load*, Load*, Load*)
                0x0000000008003aa8                context_t::context_t(ILI9341*, MAX31855*, Touch*, ControllerPID*, Load*, Load*, Load*)
 *fill*         0x0000000008003afa        0x2 
 .text.main     0x0000000008003afc      0x1b0 Core/Src/main.o
                0x0000000008003afc                main
 .text._Z18SystemClock_Configv
                0x0000000008003cac       0xe8 Core/Src/main.o
                0x0000000008003cac                SystemClock_Config()
 .text.HAL_GPIO_EXTI_Callback
                0x0000000008003d94      0x14c Core/Src/main.o
                0x0000000008003d94                HAL_GPIO_EXTI_Callback
 .text.HAL_TIM_PeriodElapsedCallback
                0x0000000008003ee0      0x12c Core/Src/main.o
                0x0000000008003ee0                HAL_TIM_PeriodElapsedCallback
 .text.Error_Handler
                0x000000000800400c        0xe Core/Src/main.o
                0x000000000800400c                Error_Handler
 *fill*         0x000000000800401a        0x2 
 .text._Z41__static_initialization_and_destruction_0ii
                0x000000000800401c      0x154 Core/Src/main.o
 .text._GLOBAL__sub_I_interrupt_data
                0x0000000008004170       0x10 Core/Src/main.o
 .text.MX_SPI1_Init
                0x0000000008004180       0x70 Core/Src/spi.o
                0x0000000008004180                MX_SPI1_Init
 .text.HAL_SPI_MspInit
                0x00000000080041f0       0x90 Core/Src/spi.o
                0x00000000080041f0                HAL_SPI_MspInit
 .text.SPI_Repair
                0x0000000008004280       0x6c Core/Src/spi.o
                0x0000000008004280                SPI_Repair
 .text.HAL_MspInit
                0x00000000080042ec       0x50 Core/Src/stm32f4xx_hal_msp.o
                0x00000000080042ec                HAL_MspInit
 .text.NMI_Handler
                0x000000000800433c        0xe Core/Src/stm32f4xx_it.o
                0x000000000800433c                NMI_Handler
 .text.HardFault_Handler
                0x000000000800434a        0x6 Core/Src/stm32f4xx_it.o
                0x000000000800434a                HardFault_Handler
 .text.MemManage_Handler
                0x0000000008004350        0x6 Core/Src/stm32f4xx_it.o
                0x0000000008004350                MemManage_Handler
 .text.BusFault_Handler
                0x0000000008004356        0x6 Core/Src/stm32f4xx_it.o
                0x0000000008004356                BusFault_Handler
 .text.UsageFault_Handler
                0x000000000800435c        0x6 Core/Src/stm32f4xx_it.o
                0x000000000800435c                UsageFault_Handler
 .text.SVC_Handler
                0x0000000008004362        0xe Core/Src/stm32f4xx_it.o
                0x0000000008004362                SVC_Handler
 .text.DebugMon_Handler
                0x0000000008004370        0xe Core/Src/stm32f4xx_it.o
                0x0000000008004370                DebugMon_Handler
 .text.PendSV_Handler
                0x000000000800437e        0xe Core/Src/stm32f4xx_it.o
                0x000000000800437e                PendSV_Handler
 .text.SysTick_Handler
                0x000000000800438c        0xc Core/Src/stm32f4xx_it.o
                0x000000000800438c                SysTick_Handler
 .text.EXTI4_IRQHandler
                0x0000000008004398        0xe Core/Src/stm32f4xx_it.o
                0x0000000008004398                EXTI4_IRQHandler
 *fill*         0x00000000080043a6        0x2 
 .text.TIM1_BRK_TIM9_IRQHandler
                0x00000000080043a8       0x14 Core/Src/stm32f4xx_it.o
                0x00000000080043a8                TIM1_BRK_TIM9_IRQHandler
 .text.TIM1_UP_TIM10_IRQHandler
                0x00000000080043bc       0x14 Core/Src/stm32f4xx_it.o
                0x00000000080043bc                TIM1_UP_TIM10_IRQHandler
 .text.TIM2_IRQHandler
                0x00000000080043d0       0x14 Core/Src/stm32f4xx_it.o
                0x00000000080043d0                TIM2_IRQHandler
 .text.TIM3_IRQHandler
                0x00000000080043e4       0x14 Core/Src/stm32f4xx_it.o
                0x00000000080043e4                TIM3_IRQHandler
 .text.TIM4_IRQHandler
                0x00000000080043f8       0x14 Core/Src/stm32f4xx_it.o
                0x00000000080043f8                TIM4_IRQHandler
 .text.TIM5_IRQHandler
                0x000000000800440c       0x14 Core/Src/stm32f4xx_it.o
                0x000000000800440c                TIM5_IRQHandler
 .text.TIM6_DAC_IRQHandler
                0x0000000008004420       0x14 Core/Src/stm32f4xx_it.o
                0x0000000008004420                TIM6_DAC_IRQHandler
 .text.TIM7_IRQHandler
                0x0000000008004434       0x14 Core/Src/stm32f4xx_it.o
                0x0000000008004434                TIM7_IRQHandler
 .text._sbrk    0x0000000008004448       0x58 Core/Src/sysmem.o
                0x0000000008004448                _sbrk
 .text.SystemInit
                0x00000000080044a0       0x2c Core/Src/system_stm32f4xx.o
                0x00000000080044a0                SystemInit
 .text.MX_TIM2_Init
                0x00000000080044cc       0x98 Core/Src/tim.o
                0x00000000080044cc                MX_TIM2_Init
 .text.MX_TIM3_Init
                0x0000000008004564       0x9c Core/Src/tim.o
                0x0000000008004564                MX_TIM3_Init
 .text.MX_TIM4_Init
                0x0000000008004600       0x9c Core/Src/tim.o
                0x0000000008004600                MX_TIM4_Init
 .text.MX_TIM5_Init
                0x000000000800469c       0x9c Core/Src/tim.o
                0x000000000800469c                MX_TIM5_Init
 .text.MX_TIM6_Init
                0x0000000008004738       0x6c Core/Src/tim.o
                0x0000000008004738                MX_TIM6_Init
 .text.MX_TIM7_Init
                0x00000000080047a4       0x6c Core/Src/tim.o
                0x00000000080047a4                MX_TIM7_Init
 .text.MX_TIM9_Init
                0x0000000008004810       0x74 Core/Src/tim.o
                0x0000000008004810                MX_TIM9_Init
 .text.MX_TIM10_Init
                0x0000000008004884       0x48 Core/Src/tim.o
                0x0000000008004884                MX_TIM10_Init
 .text.HAL_TIM_Base_MspInit
                0x00000000080048cc      0x1f0 Core/Src/tim.o
                0x00000000080048cc                HAL_TIM_Base_MspInit
 .text.Reset_Handler
                0x0000000008004abc       0x50 Core/Startup/startup_stm32f405rgtx.o
                0x0000000008004abc                Reset_Handler
 .text.Default_Handler
                0x0000000008004b0c        0x2 Core/Startup/startup_stm32f405rgtx.o
                0x0000000008004b0c                RTC_Alarm_IRQHandler
                0x0000000008004b0c                HASH_RNG_IRQHandler
                0x0000000008004b0c                EXTI2_IRQHandler
                0x0000000008004b0c                TIM8_CC_IRQHandler
                0x0000000008004b0c                TIM1_CC_IRQHandler
                0x0000000008004b0c                DMA2_Stream5_IRQHandler
                0x0000000008004b0c                DMA1_Stream5_IRQHandler
                0x0000000008004b0c                PVD_IRQHandler
                0x0000000008004b0c                SDIO_IRQHandler
                0x0000000008004b0c                TAMP_STAMP_IRQHandler
                0x0000000008004b0c                CAN2_RX1_IRQHandler
                0x0000000008004b0c                EXTI3_IRQHandler
                0x0000000008004b0c                TIM8_TRG_COM_TIM14_IRQHandler
                0x0000000008004b0c                TIM8_UP_TIM13_IRQHandler
                0x0000000008004b0c                I2C3_ER_IRQHandler
                0x0000000008004b0c                EXTI0_IRQHandler
                0x0000000008004b0c                I2C2_EV_IRQHandler
                0x0000000008004b0c                DMA1_Stream2_IRQHandler
                0x0000000008004b0c                CAN1_RX0_IRQHandler
                0x0000000008004b0c                FPU_IRQHandler
                0x0000000008004b0c                OTG_HS_WKUP_IRQHandler
                0x0000000008004b0c                CAN2_SCE_IRQHandler
                0x0000000008004b0c                DMA2_Stream2_IRQHandler
                0x0000000008004b0c                SPI1_IRQHandler
                0x0000000008004b0c                CAN2_RX0_IRQHandler
                0x0000000008004b0c                DMA2_Stream3_IRQHandler
                0x0000000008004b0c                USART6_IRQHandler
                0x0000000008004b0c                USART3_IRQHandler
                0x0000000008004b0c                CAN1_RX1_IRQHandler
                0x0000000008004b0c                UART5_IRQHandler
                0x0000000008004b0c                DMA2_Stream0_IRQHandler
                0x0000000008004b0c                I2C1_EV_IRQHandler
                0x0000000008004b0c                DMA1_Stream6_IRQHandler
                0x0000000008004b0c                DMA1_Stream1_IRQHandler
                0x0000000008004b0c                UART4_IRQHandler
                0x0000000008004b0c                RCC_IRQHandler
                0x0000000008004b0c                TIM8_BRK_TIM12_IRQHandler
                0x0000000008004b0c                Default_Handler
                0x0000000008004b0c                EXTI15_10_IRQHandler
                0x0000000008004b0c                ADC_IRQHandler
                0x0000000008004b0c                DMA1_Stream7_IRQHandler
                0x0000000008004b0c                CAN2_TX_IRQHandler
                0x0000000008004b0c                DMA2_Stream7_IRQHandler
                0x0000000008004b0c                I2C3_EV_IRQHandler
                0x0000000008004b0c                EXTI9_5_IRQHandler
                0x0000000008004b0c                RTC_WKUP_IRQHandler
                0x0000000008004b0c                SPI2_IRQHandler
                0x0000000008004b0c                OTG_HS_EP1_IN_IRQHandler
                0x0000000008004b0c                DMA1_Stream0_IRQHandler
                0x0000000008004b0c                CAN1_TX_IRQHandler
                0x0000000008004b0c                FSMC_IRQHandler
                0x0000000008004b0c                OTG_HS_EP1_OUT_IRQHandler
                0x0000000008004b0c                WWDG_IRQHandler
                0x0000000008004b0c                OTG_FS_WKUP_IRQHandler
                0x0000000008004b0c                TIM1_TRG_COM_TIM11_IRQHandler
                0x0000000008004b0c                OTG_HS_IRQHandler
                0x0000000008004b0c                EXTI1_IRQHandler
                0x0000000008004b0c                USART2_IRQHandler
                0x0000000008004b0c                I2C2_ER_IRQHandler
                0x0000000008004b0c                DMA2_Stream1_IRQHandler
                0x0000000008004b0c                CAN1_SCE_IRQHandler
                0x0000000008004b0c                FLASH_IRQHandler
                0x0000000008004b0c                DMA2_Stream4_IRQHandler
                0x0000000008004b0c                USART1_IRQHandler
                0x0000000008004b0c                OTG_FS_IRQHandler
                0x0000000008004b0c                SPI3_IRQHandler
                0x0000000008004b0c                DMA1_Stream4_IRQHandler
                0x0000000008004b0c                I2C1_ER_IRQHandler
                0x0000000008004b0c                DMA2_Stream6_IRQHandler
                0x0000000008004b0c                DMA1_Stream3_IRQHandler
 *fill*         0x0000000008004b0e        0x2 
 .text.HAL_Init
                0x0000000008004b10       0x44 Drivers/STM32F4xx_HAL_Driver/Src/stm32f4xx_hal.o
                0x0000000008004b10                HAL_Init
 .text.HAL_InitTick
                0x0000000008004b54       0x60 Drivers/STM32F4xx_HAL_Driver/Src/stm32f4xx_hal.o
                0x0000000008004b54                HAL_InitTick
 .text.HAL_IncTick
                0x0000000008004bb4       0x28 Drivers/STM32F4xx_HAL_Driver/Src/stm32f4xx_hal.o
                0x0000000008004bb4                HAL_IncTick
 .text.HAL_GetTick
                0x0000000008004bdc       0x18 Drivers/STM32F4xx_HAL_Driver/Src/stm32f4xx_hal.o
                0x0000000008004bdc                HAL_GetTick
 .text.HAL_Delay
                0x0000000008004bf4       0x44 Drivers/STM32F4xx_HAL_Driver/Src/stm32f4xx_hal.o
                0x0000000008004bf4                HAL_Delay
 .text.HAL_ADC_Init
                0x0000000008004c38       0x86 Drivers/STM32F4xx_HAL_Driver/Src/stm32f4xx_hal_adc.o
                0x0000000008004c38                HAL_ADC_Init
 *fill*         0x0000000008004cbe        0x2 
 .text.HAL_ADC_Start
                0x0000000008004cc0      0x18c Drivers/STM32F4xx_HAL_Driver/Src/stm32f4xx_hal_adc.o
                0x0000000008004cc0                HAL_ADC_Start
 .text.HAL_ADC_PollForConversion
                0x0000000008004e4c      0x108 Drivers/STM32F4xx_HAL_Driver/Src/stm32f4xx_hal_adc.o
                0x0000000008004e4c                HAL_ADC_PollForConversion
 .text.HAL_ADC_GetValue
                0x0000000008004f54       0x1a Drivers/STM32F4xx_HAL_Driver/Src/stm32f4xx_hal_adc.o
                0x0000000008004f54                HAL_ADC_GetValue
 *fill*         0x0000000008004f6e        0x2 
 .text.HAL_ADC_ConfigChannel
                0x0000000008004f70      0x244 Drivers/STM32F4xx_HAL_Driver/Src/stm32f4xx_hal_adc.o
                0x0000000008004f70                HAL_ADC_ConfigChannel
 .text.ADC_Init
                0x00000000080051b4      0x1f8 Drivers/STM32F4xx_HAL_Driver/Src/stm32f4xx_hal_adc.o
 .text.__NVIC_SetPriorityGrouping
                0x00000000080053ac       0x48 Drivers/STM32F4xx_HAL_Driver/Src/stm32f4xx_hal_cortex.o
 .text.__NVIC_GetPriorityGrouping
                0x00000000080053f4       0x1c Drivers/STM32F4xx_HAL_Driver/Src/stm32f4xx_hal_cortex.o
 .text.__NVIC_EnableIRQ
                0x0000000008005410       0x3c Drivers/STM32F4xx_HAL_Driver/Src/stm32f4xx_hal_cortex.o
 .text.__NVIC_SetPriority
                0x000000000800544c       0x54 Drivers/STM32F4xx_HAL_Driver/Src/stm32f4xx_hal_cortex.o
 .text.NVIC_EncodePriority
                0x00000000080054a0       0x66 Drivers/STM32F4xx_HAL_Driver/Src/stm32f4xx_hal_cortex.o
 *fill*         0x0000000008005506        0x2 
 .text.SysTick_Config
                0x0000000008005508       0x44 Drivers/STM32F4xx_HAL_Driver/Src/stm32f4xx_hal_cortex.o
 .text.HAL_NVIC_SetPriorityGrouping
                0x000000000800554c       0x16 Drivers/STM32F4xx_HAL_Driver/Src/stm32f4xx_hal_cortex.o
                0x000000000800554c                HAL_NVIC_SetPriorityGrouping
 .text.HAL_NVIC_SetPriority
                0x0000000008005562       0x38 Drivers/STM32F4xx_HAL_Driver/Src/stm32f4xx_hal_cortex.o
                0x0000000008005562                HAL_NVIC_SetPriority
 .text.HAL_NVIC_EnableIRQ
                0x000000000800559a       0x1c Drivers/STM32F4xx_HAL_Driver/Src/stm32f4xx_hal_cortex.o
                0x000000000800559a                HAL_NVIC_EnableIRQ
 .text.HAL_SYSTICK_Config
                0x00000000080055b6       0x18 Drivers/STM32F4xx_HAL_Driver/Src/stm32f4xx_hal_cortex.o
                0x00000000080055b6                HAL_SYSTICK_Config
 *fill*         0x00000000080055ce        0x2 
 .text.HAL_GPIO_Init
                0x00000000080055d0      0x334 Drivers/STM32F4xx_HAL_Driver/Src/stm32f4xx_hal_gpio.o
                0x00000000080055d0                HAL_GPIO_Init
 .text.HAL_GPIO_WritePin
                0x0000000008005904       0x32 Drivers/STM32F4xx_HAL_Driver/Src/stm32f4xx_hal_gpio.o
                0x0000000008005904                HAL_GPIO_WritePin
 *fill*         0x0000000008005936        0x2 
 .text.HAL_GPIO_EXTI_IRQHandler
                0x0000000008005938       0x30 Drivers/STM32F4xx_HAL_Driver/Src/stm32f4xx_hal_gpio.o
                0x0000000008005938                HAL_GPIO_EXTI_IRQHandler
 .text.HAL_RCC_OscConfig
                0x0000000008005968      0x4e0 Drivers/STM32F4xx_HAL_Driver/Src/stm32f4xx_hal_rcc.o
                0x0000000008005968                HAL_RCC_OscConfig
 .text.HAL_RCC_ClockConfig
                0x0000000008005e48      0x1cc Drivers/STM32F4xx_HAL_Driver/Src/stm32f4xx_hal_rcc.o
                0x0000000008005e48                HAL_RCC_ClockConfig
 .text.HAL_RCC_GetSysClockFreq
                0x0000000008006014      0x1ac Drivers/STM32F4xx_HAL_Driver/Src/stm32f4xx_hal_rcc.o
                0x0000000008006014                HAL_RCC_GetSysClockFreq
 .text.HAL_SPI_Init
                0x00000000080061c0       0xc8 Drivers/STM32F4xx_HAL_Driver/Src/stm32f4xx_hal_spi.o
                0x00000000080061c0                HAL_SPI_Init
 .text.HAL_SPI_Receive
                0x0000000008006288      0x212 Drivers/STM32F4xx_HAL_Driver/Src/stm32f4xx_hal_spi.o
                0x0000000008006288                HAL_SPI_Receive
 .text.HAL_SPI_TransmitReceive
                0x000000000800649a      0x344 Drivers/STM32F4xx_HAL_Driver/Src/stm32f4xx_hal_spi.o
                0x000000000800649a                HAL_SPI_TransmitReceive
 .text.SPI_WaitFlagStateUntilTimeout
                0x00000000080067de       0xd4 Drivers/STM32F4xx_HAL_Driver/Src/stm32f4xx_hal_spi.o
 .text.SPI_EndRxTransaction
                0x00000000080068b2       0xca Drivers/STM32F4xx_HAL_Driver/Src/stm32f4xx_hal_spi.o
 .text.SPI_EndRxTxTransaction
                0x000000000800697c       0x84 Drivers/STM32F4xx_HAL_Driver/Src/stm32f4xx_hal_spi.o
 .text.HAL_TIM_Base_Init
                0x0000000008006a00       0x56 Drivers/STM32F4xx_HAL_Driver/Src/stm32f4xx_hal_tim.o
                0x0000000008006a00                HAL_TIM_Base_Init
 .text.HAL_TIM_Base_Start_IT
                0x0000000008006a56       0x48 Drivers/STM32F4xx_HAL_Driver/Src/stm32f4xx_hal_tim.o
                0x0000000008006a56                HAL_TIM_Base_Start_IT
 .text.HAL_TIM_Base_Stop_IT
                0x0000000008006a9e       0x56 Drivers/STM32F4xx_HAL_Driver/Src/stm32f4xx_hal_tim.o
                0x0000000008006a9e                HAL_TIM_Base_Stop_IT
 .text.HAL_TIM_IRQHandler
                0x0000000008006af4      0x210 Drivers/STM32F4xx_HAL_Driver/Src/stm32f4xx_hal_tim.o
                0x0000000008006af4                HAL_TIM_IRQHandler
 .text.HAL_TIM_ConfigClockSource
                0x0000000008006d04      0x16e Drivers/STM32F4xx_HAL_Driver/Src/stm32f4xx_hal_tim.o
                0x0000000008006d04                HAL_TIM_ConfigClockSource
 .text.HAL_TIM_OC_DelayElapsedCallback
                0x0000000008006e72       0x14 Drivers/STM32F4xx_HAL_Driver/Src/stm32f4xx_hal_tim.o
                0x0000000008006e72                HAL_TIM_OC_DelayElapsedCallback
 .text.HAL_TIM_IC_CaptureCallback
                0x0000000008006e86       0x14 Drivers/STM32F4xx_HAL_Driver/Src/stm32f4xx_hal_tim.o
                0x0000000008006e86                HAL_TIM_IC_CaptureCallback
 .text.HAL_TIM_PWM_PulseFinishedCallback
                0x0000000008006e9a       0x14 Drivers/STM32F4xx_HAL_Driver/Src/stm32f4xx_hal_tim.o
                0x0000000008006e9a                HAL_TIM_PWM_PulseFinishedCallback
 .text.HAL_TIM_TriggerCallback
                0x0000000008006eae       0x14 Drivers/STM32F4xx_HAL_Driver/Src/stm32f4xx_hal_tim.o
                0x0000000008006eae                HAL_TIM_TriggerCallback
 *fill*         0x0000000008006ec2        0x2 
 .text.TIM_Base_SetConfig
                0x0000000008006ec4      0x140 Drivers/STM32F4xx_HAL_Driver/Src/stm32f4xx_hal_tim.o
                0x0000000008006ec4                TIM_Base_SetConfig
 .text.TIM_TI1_ConfigInputStage
                0x0000000008007004       0x5e Drivers/STM32F4xx_HAL_Driver/Src/stm32f4xx_hal_tim.o
 .text.TIM_TI2_ConfigInputStage
                0x0000000008007062       0x60 Drivers/STM32F4xx_HAL_Driver/Src/stm32f4xx_hal_tim.o
 .text.TIM_ITRx_SetConfig
                0x00000000080070c2       0x36 Drivers/STM32F4xx_HAL_Driver/Src/stm32f4xx_hal_tim.o
 .text.TIM_ETR_SetConfig
                0x00000000080070f8       0x40 Drivers/STM32F4xx_HAL_Driver/Src/stm32f4xx_hal_tim.o
                0x00000000080070f8                TIM_ETR_SetConfig
 .text.HAL_TIMEx_MasterConfigSynchronization
                0x0000000008007138       0xf8 Drivers/STM32F4xx_HAL_Driver/Src/stm32f4xx_hal_tim_ex.o
                0x0000000008007138                HAL_TIMEx_MasterConfigSynchronization
 .text.HAL_TIMEx_CommutCallback
                0x0000000008007230       0x14 Drivers/STM32F4xx_HAL_Driver/Src/stm32f4xx_hal_tim_ex.o
                0x0000000008007230                HAL_TIMEx_CommutCallback
 .text.HAL_TIMEx_BreakCallback
                0x0000000008007244       0x14 Drivers/STM32F4xx_HAL_Driver/Src/stm32f4xx_hal_tim_ex.o
                0x0000000008007244                HAL_TIMEx_BreakCallback
 .text._ZdlPvj  0x0000000008007258        0x4 /opt/st/stm32cubeide_1.4.0/plugins/com.st.stm32cube.ide.mcu.externaltools.gnu-tools-for-stm32.7-2018-q2-update.linux64_1.4.0.202007081208/tools/bin/../lib/gcc/arm-none-eabi/7.3.1/../../../../arm-none-eabi/lib/thumb/v7e-m/fpv4-sp/hard/libstdc++_nano.a(del_ops.o)
                0x0000000008007258                operator delete(void*, unsigned int)
 .text._ZdlPv   0x000000000800725c        0x4 /opt/st/stm32cubeide_1.4.0/plugins/com.st.stm32cube.ide.mcu.externaltools.gnu-tools-for-stm32.7-2018-q2-update.linux64_1.4.0.202007081208/tools/bin/../lib/gcc/arm-none-eabi/7.3.1/../../../../arm-none-eabi/lib/thumb/v7e-m/fpv4-sp/hard/libstdc++_nano.a(del_op.o)
                0x000000000800725c                operator delete(void*)
 .text.__errno  0x0000000008007260        0xc /opt/st/stm32cubeide_1.4.0/plugins/com.st.stm32cube.ide.mcu.externaltools.gnu-tools-for-stm32.7-2018-q2-update.linux64_1.4.0.202007081208/tools/bin/../lib/gcc/arm-none-eabi/7.3.1/../../../../arm-none-eabi/lib/thumb/v7e-m/fpv4-sp/hard/libc_nano.a(lib_a-errno.o)
                0x0000000008007260                __errno
 .text.__libc_init_array
                0x000000000800726c       0x48 /opt/st/stm32cubeide_1.4.0/plugins/com.st.stm32cube.ide.mcu.externaltools.gnu-tools-for-stm32.7-2018-q2-update.linux64_1.4.0.202007081208/tools/bin/../lib/gcc/arm-none-eabi/7.3.1/../../../../arm-none-eabi/lib/thumb/v7e-m/fpv4-sp/hard/libc_nano.a(lib_a-init.o)
                0x000000000800726c                __libc_init_array
 .text.malloc   0x00000000080072b4       0x10 /opt/st/stm32cubeide_1.4.0/plugins/com.st.stm32cube.ide.mcu.externaltools.gnu-tools-for-stm32.7-2018-q2-update.linux64_1.4.0.202007081208/tools/bin/../lib/gcc/arm-none-eabi/7.3.1/../../../../arm-none-eabi/lib/thumb/v7e-m/fpv4-sp/hard/libc_nano.a(lib_a-malloc.o)
                0x00000000080072b4                malloc
 .text.free     0x00000000080072c4       0x10 /opt/st/stm32cubeide_1.4.0/plugins/com.st.stm32cube.ide.mcu.externaltools.gnu-tools-for-stm32.7-2018-q2-update.linux64_1.4.0.202007081208/tools/bin/../lib/gcc/arm-none-eabi/7.3.1/../../../../arm-none-eabi/lib/thumb/v7e-m/fpv4-sp/hard/libc_nano.a(lib_a-malloc.o)
                0x00000000080072c4                free
 .text.memset   0x00000000080072d4       0x10 /opt/st/stm32cubeide_1.4.0/plugins/com.st.stm32cube.ide.mcu.externaltools.gnu-tools-for-stm32.7-2018-q2-update.linux64_1.4.0.202007081208/tools/bin/../lib/gcc/arm-none-eabi/7.3.1/../../../../arm-none-eabi/lib/thumb/v7e-m/fpv4-sp/hard/libc_nano.a(lib_a-memset.o)
                0x00000000080072d4                memset
 .text._free_r  0x00000000080072e4       0x9c /opt/st/stm32cubeide_1.4.0/plugins/com.st.stm32cube.ide.mcu.externaltools.gnu-tools-for-stm32.7-2018-q2-update.linux64_1.4.0.202007081208/tools/bin/../lib/gcc/arm-none-eabi/7.3.1/../../../../arm-none-eabi/lib/thumb/v7e-m/fpv4-sp/hard/libc_nano.a(lib_a-nano-freer.o)
                0x00000000080072e4                _free_r
 .text._malloc_r
                0x0000000008007380       0xb4 /opt/st/stm32cubeide_1.4.0/plugins/com.st.stm32cube.ide.mcu.externaltools.gnu-tools-for-stm32.7-2018-q2-update.linux64_1.4.0.202007081208/tools/bin/../lib/gcc/arm-none-eabi/7.3.1/../../../../arm-none-eabi/lib/thumb/v7e-m/fpv4-sp/hard/libc_nano.a(lib_a-nano-mallocr.o)
                0x0000000008007380                _malloc_r
 .text.__cvt    0x0000000008007434       0xc2 /opt/st/stm32cubeide_1.4.0/plugins/com.st.stm32cube.ide.mcu.externaltools.gnu-tools-for-stm32.7-2018-q2-update.linux64_1.4.0.202007081208/tools/bin/../lib/gcc/arm-none-eabi/7.3.1/../../../../arm-none-eabi/lib/thumb/v7e-m/fpv4-sp/hard/libc_nano.a(lib_a-nano-vfprintf_float.o)
                0x0000000008007434                __cvt
 .text.__exponent
                0x00000000080074f6       0x66 /opt/st/stm32cubeide_1.4.0/plugins/com.st.stm32cube.ide.mcu.externaltools.gnu-tools-for-stm32.7-2018-q2-update.linux64_1.4.0.202007081208/tools/bin/../lib/gcc/arm-none-eabi/7.3.1/../../../../arm-none-eabi/lib/thumb/v7e-m/fpv4-sp/hard/libc_nano.a(lib_a-nano-vfprintf_float.o)
                0x00000000080074f6                __exponent
 .text._printf_float
                0x000000000800755c      0x480 /opt/st/stm32cubeide_1.4.0/plugins/com.st.stm32cube.ide.mcu.externaltools.gnu-tools-for-stm32.7-2018-q2-update.linux64_1.4.0.202007081208/tools/bin/../lib/gcc/arm-none-eabi/7.3.1/../../../../arm-none-eabi/lib/thumb/v7e-m/fpv4-sp/hard/libc_nano.a(lib_a-nano-vfprintf_float.o)
                0x000000000800755c                _printf_float
 .text._printf_common
                0x00000000080079dc       0xea /opt/st/stm32cubeide_1.4.0/plugins/com.st.stm32cube.ide.mcu.externaltools.gnu-tools-for-stm32.7-2018-q2-update.linux64_1.4.0.202007081208/tools/bin/../lib/gcc/arm-none-eabi/7.3.1/../../../../arm-none-eabi/lib/thumb/v7e-m/fpv4-sp/hard/libc_nano.a(lib_a-nano-vfprintf_i.o)
                0x00000000080079dc                _printf_common
 *fill*         0x0000000008007ac6        0x2 
 .text._printf_i
                0x0000000008007ac8      0x224 /opt/st/stm32cubeide_1.4.0/plugins/com.st.stm32cube.ide.mcu.externaltools.gnu-tools-for-stm32.7-2018-q2-update.linux64_1.4.0.202007081208/tools/bin/../lib/gcc/arm-none-eabi/7.3.1/../../../../arm-none-eabi/lib/thumb/v7e-m/fpv4-sp/hard/libc_nano.a(lib_a-nano-vfprintf_i.o)
                0x0000000008007ac8                _printf_i
 .text._sbrk_r  0x0000000008007cec       0x20 /opt/st/stm32cubeide_1.4.0/plugins/com.st.stm32cube.ide.mcu.externaltools.gnu-tools-for-stm32.7-2018-q2-update.linux64_1.4.0.202007081208/tools/bin/../lib/gcc/arm-none-eabi/7.3.1/../../../../arm-none-eabi/lib/thumb/v7e-m/fpv4-sp/hard/libc_nano.a(lib_a-sbrkr.o)
                0x0000000008007cec                _sbrk_r
 .text.sprintf  0x0000000008007d0c       0x40 /opt/st/stm32cubeide_1.4.0/plugins/com.st.stm32cube.ide.mcu.externaltools.gnu-tools-for-stm32.7-2018-q2-update.linux64_1.4.0.202007081208/tools/bin/../lib/gcc/arm-none-eabi/7.3.1/../../../../arm-none-eabi/lib/thumb/v7e-m/fpv4-sp/hard/libc_nano.a(lib_a-sprintf.o)
                0x0000000008007d0c                sprintf
                0x0000000008007d0c                siprintf
 .text.strcpy   0x0000000008007d4c       0x10 /opt/st/stm32cubeide_1.4.0/plugins/com.st.stm32cube.ide.mcu.externaltools.gnu-tools-for-stm32.7-2018-q2-update.linux64_1.4.0.202007081208/tools/bin/../lib/gcc/arm-none-eabi/7.3.1/../../../../arm-none-eabi/lib/thumb/v7e-m/fpv4-sp/hard/libc_nano.a(lib_a-strcpy.o)
                0x0000000008007d4c                strcpy
 .text.quorem   0x0000000008007d5c      0x118 /opt/st/stm32cubeide_1.4.0/plugins/com.st.stm32cube.ide.mcu.externaltools.gnu-tools-for-stm32.7-2018-q2-update.linux64_1.4.0.202007081208/tools/bin/../lib/gcc/arm-none-eabi/7.3.1/../../../../arm-none-eabi/lib/thumb/v7e-m/fpv4-sp/hard/libc_nano.a(lib_a-dtoa.o)
 *fill*         0x0000000008007e74        0x4 
 .text._dtoa_r  0x0000000008007e78      0xb70 /opt/st/stm32cubeide_1.4.0/plugins/com.st.stm32cube.ide.mcu.externaltools.gnu-tools-for-stm32.7-2018-q2-update.linux64_1.4.0.202007081208/tools/bin/../lib/gcc/arm-none-eabi/7.3.1/../../../../arm-none-eabi/lib/thumb/v7e-m/fpv4-sp/hard/libc_nano.a(lib_a-dtoa.o)
                0x0000000008007e78                _dtoa_r
 .text._localeconv_r
                0x00000000080089e8       0x1c /opt/st/stm32cubeide_1.4.0/plugins/com.st.stm32cube.ide.mcu.externaltools.gnu-tools-for-stm32.7-2018-q2-update.linux64_1.4.0.202007081208/tools/bin/../lib/gcc/arm-none-eabi/7.3.1/../../../../arm-none-eabi/lib/thumb/v7e-m/fpv4-sp/hard/libc_nano.a(lib_a-localeconv.o)
                0x00000000080089e8                _localeconv_r
 .text.memcpy   0x0000000008008a04       0x16 /opt/st/stm32cubeide_1.4.0/plugins/com.st.stm32cube.ide.mcu.externaltools.gnu-tools-for-stm32.7-2018-q2-update.linux64_1.4.0.202007081208/tools/bin/../lib/gcc/arm-none-eabi/7.3.1/../../../../arm-none-eabi/lib/thumb/v7e-m/fpv4-sp/hard/libc_nano.a(lib_a-memcpy-stub.o)
                0x0000000008008a04                memcpy
 .text.__malloc_lock
                0x0000000008008a1a        0x2 /opt/st/stm32cubeide_1.4.0/plugins/com.st.stm32cube.ide.mcu.externaltools.gnu-tools-for-stm32.7-2018-q2-update.linux64_1.4.0.202007081208/tools/bin/../lib/gcc/arm-none-eabi/7.3.1/../../../../arm-none-eabi/lib/thumb/v7e-m/fpv4-sp/hard/libc_nano.a(lib_a-mlock.o)
                0x0000000008008a1a                __malloc_lock
 .text.__malloc_unlock
                0x0000000008008a1c        0x2 /opt/st/stm32cubeide_1.4.0/plugins/com.st.stm32cube.ide.mcu.externaltools.gnu-tools-for-stm32.7-2018-q2-update.linux64_1.4.0.202007081208/tools/bin/../lib/gcc/arm-none-eabi/7.3.1/../../../../arm-none-eabi/lib/thumb/v7e-m/fpv4-sp/hard/libc_nano.a(lib_a-mlock.o)
                0x0000000008008a1c                __malloc_unlock
 .text._Balloc  0x0000000008008a1e       0x68 /opt/st/stm32cubeide_1.4.0/plugins/com.st.stm32cube.ide.mcu.externaltools.gnu-tools-for-stm32.7-2018-q2-update.linux64_1.4.0.202007081208/tools/bin/../lib/gcc/arm-none-eabi/7.3.1/../../../../arm-none-eabi/lib/thumb/v7e-m/fpv4-sp/hard/libc_nano.a(lib_a-mprec.o)
                0x0000000008008a1e                _Balloc
 .text._Bfree   0x0000000008008a86       0x2e /opt/st/stm32cubeide_1.4.0/plugins/com.st.stm32cube.ide.mcu.externaltools.gnu-tools-for-stm32.7-2018-q2-update.linux64_1.4.0.202007081208/tools/bin/../lib/gcc/arm-none-eabi/7.3.1/../../../../arm-none-eabi/lib/thumb/v7e-m/fpv4-sp/hard/libc_nano.a(lib_a-mprec.o)
                0x0000000008008a86                _Bfree
 .text.__multadd
                0x0000000008008ab4       0x76 /opt/st/stm32cubeide_1.4.0/plugins/com.st.stm32cube.ide.mcu.externaltools.gnu-tools-for-stm32.7-2018-q2-update.linux64_1.4.0.202007081208/tools/bin/../lib/gcc/arm-none-eabi/7.3.1/../../../../arm-none-eabi/lib/thumb/v7e-m/fpv4-sp/hard/libc_nano.a(lib_a-mprec.o)
                0x0000000008008ab4                __multadd
 .text.__hi0bits
                0x0000000008008b2a       0x3e /opt/st/stm32cubeide_1.4.0/plugins/com.st.stm32cube.ide.mcu.externaltools.gnu-tools-for-stm32.7-2018-q2-update.linux64_1.4.0.202007081208/tools/bin/../lib/gcc/arm-none-eabi/7.3.1/../../../../arm-none-eabi/lib/thumb/v7e-m/fpv4-sp/hard/libc_nano.a(lib_a-mprec.o)
                0x0000000008008b2a                __hi0bits
 .text.__lo0bits
                0x0000000008008b68       0x5e /opt/st/stm32cubeide_1.4.0/plugins/com.st.stm32cube.ide.mcu.externaltools.gnu-tools-for-stm32.7-2018-q2-update.linux64_1.4.0.202007081208/tools/bin/../lib/gcc/arm-none-eabi/7.3.1/../../../../arm-none-eabi/lib/thumb/v7e-m/fpv4-sp/hard/libc_nano.a(lib_a-mprec.o)
                0x0000000008008b68                __lo0bits
 .text.__i2b    0x0000000008008bc6       0x12 /opt/st/stm32cubeide_1.4.0/plugins/com.st.stm32cube.ide.mcu.externaltools.gnu-tools-for-stm32.7-2018-q2-update.linux64_1.4.0.202007081208/tools/bin/../lib/gcc/arm-none-eabi/7.3.1/../../../../arm-none-eabi/lib/thumb/v7e-m/fpv4-sp/hard/libc_nano.a(lib_a-mprec.o)
                0x0000000008008bc6                __i2b
 .text.__multiply
                0x0000000008008bd8      0x12c /opt/st/stm32cubeide_1.4.0/plugins/com.st.stm32cube.ide.mcu.externaltools.gnu-tools-for-stm32.7-2018-q2-update.linux64_1.4.0.202007081208/tools/bin/../lib/gcc/arm-none-eabi/7.3.1/../../../../arm-none-eabi/lib/thumb/v7e-m/fpv4-sp/hard/libc_nano.a(lib_a-mprec.o)
                0x0000000008008bd8                __multiply
 .text.__pow5mult
                0x0000000008008d04       0x9c /opt/st/stm32cubeide_1.4.0/plugins/com.st.stm32cube.ide.mcu.externaltools.gnu-tools-for-stm32.7-2018-q2-update.linux64_1.4.0.202007081208/tools/bin/../lib/gcc/arm-none-eabi/7.3.1/../../../../arm-none-eabi/lib/thumb/v7e-m/fpv4-sp/hard/libc_nano.a(lib_a-mprec.o)
                0x0000000008008d04                __pow5mult
 .text.__lshift
                0x0000000008008da0       0xa8 /opt/st/stm32cubeide_1.4.0/plugins/com.st.stm32cube.ide.mcu.externaltools.gnu-tools-for-stm32.7-2018-q2-update.linux64_1.4.0.202007081208/tools/bin/../lib/gcc/arm-none-eabi/7.3.1/../../../../arm-none-eabi/lib/thumb/v7e-m/fpv4-sp/hard/libc_nano.a(lib_a-mprec.o)
                0x0000000008008da0                __lshift
 .text.__mcmp   0x0000000008008e48       0x34 /opt/st/stm32cubeide_1.4.0/plugins/com.st.stm32cube.ide.mcu.externaltools.gnu-tools-for-stm32.7-2018-q2-update.linux64_1.4.0.202007081208/tools/bin/../lib/gcc/arm-none-eabi/7.3.1/../../../../arm-none-eabi/lib/thumb/v7e-m/fpv4-sp/hard/libc_nano.a(lib_a-mprec.o)
                0x0000000008008e48                __mcmp
 .text.__mdiff  0x0000000008008e7c       0xba /opt/st/stm32cubeide_1.4.0/plugins/com.st.stm32cube.ide.mcu.externaltools.gnu-tools-for-stm32.7-2018-q2-update.linux64_1.4.0.202007081208/tools/bin/../lib/gcc/arm-none-eabi/7.3.1/../../../../arm-none-eabi/lib/thumb/v7e-m/fpv4-sp/hard/libc_nano.a(lib_a-mprec.o)
                0x0000000008008e7c                __mdiff
 .text.__d2b    0x0000000008008f36       0x9e /opt/st/stm32cubeide_1.4.0/plugins/com.st.stm32cube.ide.mcu.externaltools.gnu-tools-for-stm32.7-2018-q2-update.linux64_1.4.0.202007081208/tools/bin/../lib/gcc/arm-none-eabi/7.3.1/../../../../arm-none-eabi/lib/thumb/v7e-m/fpv4-sp/hard/libc_nano.a(lib_a-mprec.o)
                0x0000000008008f36                __d2b
 .text._calloc_r
                0x0000000008008fd4       0x1c /opt/st/stm32cubeide_1.4.0/plugins/com.st.stm32cube.ide.mcu.externaltools.gnu-tools-for-stm32.7-2018-q2-update.linux64_1.4.0.202007081208/tools/bin/../lib/gcc/arm-none-eabi/7.3.1/../../../../arm-none-eabi/lib/thumb/v7e-m/fpv4-sp/hard/libc_nano.a(lib_a-nano-callocr.o)
                0x0000000008008fd4                _calloc_r
 .text.__ssputs_r
                0x0000000008008ff0       0xb4 /opt/st/stm32cubeide_1.4.0/plugins/com.st.stm32cube.ide.mcu.externaltools.gnu-tools-for-stm32.7-2018-q2-update.linux64_1.4.0.202007081208/tools/bin/../lib/gcc/arm-none-eabi/7.3.1/../../../../arm-none-eabi/lib/thumb/v7e-m/fpv4-sp/hard/libc_nano.a(lib_a-nano-svfprintf.o)
                0x0000000008008ff0                __ssputs_r
 .text._svfprintf_r
                0x00000000080090a4      0x1f0 /opt/st/stm32cubeide_1.4.0/plugins/com.st.stm32cube.ide.mcu.externaltools.gnu-tools-for-stm32.7-2018-q2-update.linux64_1.4.0.202007081208/tools/bin/../lib/gcc/arm-none-eabi/7.3.1/../../../../arm-none-eabi/lib/thumb/v7e-m/fpv4-sp/hard/libc_nano.a(lib_a-nano-svfprintf.o)
                0x00000000080090a4                _svfprintf_r
                0x00000000080090a4                _svfiprintf_r
 .text.__ascii_mbtowc
                0x0000000008009294       0x24 /opt/st/stm32cubeide_1.4.0/plugins/com.st.stm32cube.ide.mcu.externaltools.gnu-tools-for-stm32.7-2018-q2-update.linux64_1.4.0.202007081208/tools/bin/../lib/gcc/arm-none-eabi/7.3.1/../../../../arm-none-eabi/lib/thumb/v7e-m/fpv4-sp/hard/libc_nano.a(lib_a-mbtowc_r.o)
                0x0000000008009294                __ascii_mbtowc
 .text.memmove  0x00000000080092b8       0x32 /opt/st/stm32cubeide_1.4.0/plugins/com.st.stm32cube.ide.mcu.externaltools.gnu-tools-for-stm32.7-2018-q2-update.linux64_1.4.0.202007081208/tools/bin/../lib/gcc/arm-none-eabi/7.3.1/../../../../arm-none-eabi/lib/thumb/v7e-m/fpv4-sp/hard/libc_nano.a(lib_a-memmove.o)
                0x00000000080092b8                memmove
 .text._realloc_r
                0x00000000080092ea       0x4c /opt/st/stm32cubeide_1.4.0/plugins/com.st.stm32cube.ide.mcu.externaltools.gnu-tools-for-stm32.7-2018-q2-update.linux64_1.4.0.202007081208/tools/bin/../lib/gcc/arm-none-eabi/7.3.1/../../../../arm-none-eabi/lib/thumb/v7e-m/fpv4-sp/hard/libc_nano.a(lib_a-nano-reallocr.o)
                0x00000000080092ea                _realloc_r
 .text.__ascii_wctomb
                0x0000000008009336       0x1a /opt/st/stm32cubeide_1.4.0/plugins/com.st.stm32cube.ide.mcu.externaltools.gnu-tools-for-stm32.7-2018-q2-update.linux64_1.4.0.202007081208/tools/bin/../lib/gcc/arm-none-eabi/7.3.1/../../../../arm-none-eabi/lib/thumb/v7e-m/fpv4-sp/hard/libc_nano.a(lib_a-wctomb_r.o)
                0x0000000008009336                __ascii_wctomb
 .text._malloc_usable_size_r
                0x0000000008009350       0x10 /opt/st/stm32cubeide_1.4.0/plugins/com.st.stm32cube.ide.mcu.externaltools.gnu-tools-for-stm32.7-2018-q2-update.linux64_1.4.0.202007081208/tools/bin/../lib/gcc/arm-none-eabi/7.3.1/../../../../arm-none-eabi/lib/thumb/v7e-m/fpv4-sp/hard/libc_nano.a(lib_a-nano-msizer.o)
                0x0000000008009350                _malloc_usable_size_r
 *(.glue_7)
 .glue_7        0x0000000008009360        0x0 linker stubs
 *(.glue_7t)
 .glue_7t       0x0000000008009360        0x0 linker stubs
 *(.eh_frame)
 .eh_frame      0x0000000008009360        0x0 /opt/st/stm32cubeide_1.4.0/plugins/com.st.stm32cube.ide.mcu.externaltools.gnu-tools-for-stm32.7-2018-q2-update.linux64_1.4.0.202007081208/tools/bin/../lib/gcc/arm-none-eabi/7.3.1/thumb/v7e-m/fpv4-sp/hard/crtbegin.o
 *(.init)
 .init          0x0000000008009360        0x4 /opt/st/stm32cubeide_1.4.0/plugins/com.st.stm32cube.ide.mcu.externaltools.gnu-tools-for-stm32.7-2018-q2-update.linux64_1.4.0.202007081208/tools/bin/../lib/gcc/arm-none-eabi/7.3.1/thumb/v7e-m/fpv4-sp/hard/crti.o
                0x0000000008009360                _init
 .init          0x0000000008009364        0x8 /opt/st/stm32cubeide_1.4.0/plugins/com.st.stm32cube.ide.mcu.externaltools.gnu-tools-for-stm32.7-2018-q2-update.linux64_1.4.0.202007081208/tools/bin/../lib/gcc/arm-none-eabi/7.3.1/thumb/v7e-m/fpv4-sp/hard/crtn.o
 *(.fini)
 .fini          0x000000000800936c        0x4 /opt/st/stm32cubeide_1.4.0/plugins/com.st.stm32cube.ide.mcu.externaltools.gnu-tools-for-stm32.7-2018-q2-update.linux64_1.4.0.202007081208/tools/bin/../lib/gcc/arm-none-eabi/7.3.1/thumb/v7e-m/fpv4-sp/hard/crti.o
                0x000000000800936c                _fini
 .fini          0x0000000008009370        0x8 /opt/st/stm32cubeide_1.4.0/plugins/com.st.stm32cube.ide.mcu.externaltools.gnu-tools-for-stm32.7-2018-q2-update.linux64_1.4.0.202007081208/tools/bin/../lib/gcc/arm-none-eabi/7.3.1/thumb/v7e-m/fpv4-sp/hard/crtn.o
                0x0000000008009378                . = ALIGN (0x4)
                0x0000000008009378                _etext = .

.vfp11_veneer   0x0000000008009378        0x0
 .vfp11_veneer  0x0000000008009378        0x0 linker stubs

.v4_bx          0x0000000008009378        0x0
 .v4_bx         0x0000000008009378        0x0 linker stubs

.iplt           0x0000000008009378        0x0
 .iplt          0x0000000008009378        0x0 /opt/st/stm32cubeide_1.4.0/plugins/com.st.stm32cube.ide.mcu.externaltools.gnu-tools-for-stm32.7-2018-q2-update.linux64_1.4.0.202007081208/tools/bin/../lib/gcc/arm-none-eabi/7.3.1/thumb/v7e-m/fpv4-sp/hard/crtbegin.o

.rodata         0x0000000008009378    0x71800
                0x0000000008009378                . = ALIGN (0x4)
 *(.rodata)
 .rodata        0x0000000008009378       0x43 Core/Src/functions.o
 *(.rodata*)
 *fill*         0x00000000080093bb        0x1 
 .rodata._ZTV13ControllerPID
                0x00000000080093bc       0x10 Core/Src/ControllerPID.o
                0x00000000080093bc                vtable for ControllerPID
 .rodata._ZL5font1
                0x00000000080093cc      0x500 Core/Src/ILI9341.o
 .rodata._ZL12lightOffData
                0x00000000080098cc     0x2000 Core/Src/ILI9341.o
 .rodata._ZL11lightOnData
                0x000000000800b8cc     0x2000 Core/Src/ILI9341.o
 .rodata._ZL9minusData
                0x000000000800d8cc     0x1200 Core/Src/ILI9341.o
 .rodata._ZL9pauseData
                0x000000000800eacc     0x2000 Core/Src/ILI9341.o
 .rodata._ZL7pcbData
                0x0000000008010acc     0x8000 Core/Src/ILI9341.o
 .rodata._ZL8playData
                0x0000000008018acc     0x2000 Core/Src/ILI9341.o
 .rodata._ZL8plusData
                0x000000000801aacc     0x1200 Core/Src/ILI9341.o
 .rodata._ZL10returnData
                0x000000000801bccc     0x2000 Core/Src/ILI9341.o
 .rodata._ZL15thermometerData
                0x000000000801dccc     0x8000 Core/Src/ILI9341.o
 .rodata._ZTV7ILI9341
                0x0000000008025ccc       0x10 Core/Src/ILI9341.o
                0x0000000008025ccc                vtable for ILI9341
 .rodata._ZTV4Load
                0x0000000008025cdc       0x10 Core/Src/Load.o
                0x0000000008025cdc                vtable for Load
 .rodata._ZTV8MAX31855
                0x0000000008025cec       0x10 Core/Src/MAX31855.o
                0x0000000008025cec                vtable for MAX31855
 .rodata._ZL12lightOffData
                0x0000000008025cfc     0x2000 Core/Src/Touch.o
 .rodata._ZL11lightOnData
                0x0000000008027cfc     0x2000 Core/Src/Touch.o
 .rodata._ZL9minusData
                0x0000000008029cfc     0x1200 Core/Src/Touch.o
 .rodata._ZL9pauseData
                0x000000000802aefc     0x2000 Core/Src/Touch.o
 .rodata._ZL7pcbData
                0x000000000802cefc     0x8000 Core/Src/Touch.o
 .rodata._ZL8playData
                0x0000000008034efc     0x2000 Core/Src/Touch.o
 .rodata._ZL8plusData
                0x0000000008036efc     0x1200 Core/Src/Touch.o
 .rodata._ZL10returnData
                0x00000000080380fc     0x2000 Core/Src/Touch.o
 .rodata._ZL15thermometerData
                0x000000000803a0fc     0x8000 Core/Src/Touch.o
 .rodata._ZTV5Touch
                0x00000000080420fc       0x10 Core/Src/Touch.o
                0x00000000080420fc                vtable for Touch
 .rodata._ZL12lightOffData
                0x000000000804210c     0x2000 Core/Src/functions.o
 .rodata._ZL11lightOnData
                0x000000000804410c     0x2000 Core/Src/functions.o
 .rodata._ZL9minusData
                0x000000000804610c     0x1200 Core/Src/functions.o
 .rodata._ZL9pauseData
                0x000000000804730c     0x2000 Core/Src/functions.o
 .rodata._ZL7pcbData
                0x000000000804930c     0x8000 Core/Src/functions.o
 .rodata._ZL8playData
                0x000000000805130c     0x2000 Core/Src/functions.o
 .rodata._ZL8plusData
                0x000000000805330c     0x1200 Core/Src/functions.o
 .rodata._ZL10returnData
                0x000000000805450c     0x2000 Core/Src/functions.o
 .rodata._ZL15thermometerData
                0x000000000805650c     0x8000 Core/Src/functions.o
 .rodata._ZL12lightOffData
                0x000000000805e50c     0x2000 Core/Src/main.o
 .rodata._ZL11lightOnData
                0x000000000806050c     0x2000 Core/Src/main.o
 .rodata._ZL9minusData
                0x000000000806250c     0x1200 Core/Src/main.o
 .rodata._ZL9pauseData
                0x000000000806370c     0x2000 Core/Src/main.o
 .rodata._ZL7pcbData
                0x000000000806570c     0x8000 Core/Src/main.o
 .rodata._ZL8playData
                0x000000000806d70c     0x2000 Core/Src/main.o
 .rodata._ZL8plusData
                0x000000000806f70c     0x1200 Core/Src/main.o
 .rodata._ZL10returnData
                0x000000000807090c     0x2000 Core/Src/main.o
 .rodata._ZL15thermometerData
                0x000000000807290c     0x8000 Core/Src/main.o
 .rodata.AHBPrescTable
                0x000000000807a90c       0x10 Core/Src/system_stm32f4xx.o
                0x000000000807a90c                AHBPrescTable
 .rodata._printf_float.str1.1
                0x000000000807a91c       0x12 /opt/st/stm32cubeide_1.4.0/plugins/com.st.stm32cube.ide.mcu.externaltools.gnu-tools-for-stm32.7-2018-q2-update.linux64_1.4.0.202007081208/tools/bin/../lib/gcc/arm-none-eabi/7.3.1/../../../../arm-none-eabi/lib/thumb/v7e-m/fpv4-sp/hard/libc_nano.a(lib_a-nano-vfprintf_float.o)
 .rodata._printf_i.str1.1
                0x000000000807a92e       0x22 /opt/st/stm32cubeide_1.4.0/plugins/com.st.stm32cube.ide.mcu.externaltools.gnu-tools-for-stm32.7-2018-q2-update.linux64_1.4.0.202007081208/tools/bin/../lib/gcc/arm-none-eabi/7.3.1/../../../../arm-none-eabi/lib/thumb/v7e-m/fpv4-sp/hard/libc_nano.a(lib_a-nano-vfprintf_i.o)
 .rodata._dtoa_r.str1.1
                0x000000000807a950        0xd /opt/st/stm32cubeide_1.4.0/plugins/com.st.stm32cube.ide.mcu.externaltools.gnu-tools-for-stm32.7-2018-q2-update.linux64_1.4.0.202007081208/tools/bin/../lib/gcc/arm-none-eabi/7.3.1/../../../../arm-none-eabi/lib/thumb/v7e-m/fpv4-sp/hard/libc_nano.a(lib_a-dtoa.o)
                                          0xf (size before relaxing)
 *fill*         0x000000000807a95d        0x3 
 .rodata.__mprec_bigtens
                0x000000000807a960       0x28 /opt/st/stm32cubeide_1.4.0/plugins/com.st.stm32cube.ide.mcu.externaltools.gnu-tools-for-stm32.7-2018-q2-update.linux64_1.4.0.202007081208/tools/bin/../lib/gcc/arm-none-eabi/7.3.1/../../../../arm-none-eabi/lib/thumb/v7e-m/fpv4-sp/hard/libc_nano.a(lib_a-mprec.o)
                0x000000000807a960                __mprec_bigtens
 .rodata.__mprec_tens
                0x000000000807a988       0xc8 /opt/st/stm32cubeide_1.4.0/plugins/com.st.stm32cube.ide.mcu.externaltools.gnu-tools-for-stm32.7-2018-q2-update.linux64_1.4.0.202007081208/tools/bin/../lib/gcc/arm-none-eabi/7.3.1/../../../../arm-none-eabi/lib/thumb/v7e-m/fpv4-sp/hard/libc_nano.a(lib_a-mprec.o)
                0x000000000807a988                __mprec_tens
 .rodata.p05.7359
                0x000000000807aa50        0xc /opt/st/stm32cubeide_1.4.0/plugins/com.st.stm32cube.ide.mcu.externaltools.gnu-tools-for-stm32.7-2018-q2-update.linux64_1.4.0.202007081208/tools/bin/../lib/gcc/arm-none-eabi/7.3.1/../../../../arm-none-eabi/lib/thumb/v7e-m/fpv4-sp/hard/libc_nano.a(lib_a-mprec.o)
 .rodata._svfprintf_r.str1.1
                0x000000000807aa5c       0x11 /opt/st/stm32cubeide_1.4.0/plugins/com.st.stm32cube.ide.mcu.externaltools.gnu-tools-for-stm32.7-2018-q2-update.linux64_1.4.0.202007081208/tools/bin/../lib/gcc/arm-none-eabi/7.3.1/../../../../arm-none-eabi/lib/thumb/v7e-m/fpv4-sp/hard/libc_nano.a(lib_a-nano-svfprintf.o)
 .rodata._setlocale_r.str1.1
                0x000000000807aa6d        0x8 /opt/st/stm32cubeide_1.4.0/plugins/com.st.stm32cube.ide.mcu.externaltools.gnu-tools-for-stm32.7-2018-q2-update.linux64_1.4.0.202007081208/tools/bin/../lib/gcc/arm-none-eabi/7.3.1/../../../../arm-none-eabi/lib/thumb/v7e-m/fpv4-sp/hard/libc_nano.a(lib_a-locale.o)
                                          0x9 (size before relaxing)
 .rodata.str1.1
                0x000000000807aa75        0x2 /opt/st/stm32cubeide_1.4.0/plugins/com.st.stm32cube.ide.mcu.externaltools.gnu-tools-for-stm32.7-2018-q2-update.linux64_1.4.0.202007081208/tools/bin/../lib/gcc/arm-none-eabi/7.3.1/../../../../arm-none-eabi/lib/thumb/v7e-m/fpv4-sp/hard/libc_nano.a(lib_a-locale.o)
 .rodata._ctype_
                0x000000000807aa77      0x101 /opt/st/stm32cubeide_1.4.0/plugins/com.st.stm32cube.ide.mcu.externaltools.gnu-tools-for-stm32.7-2018-q2-update.linux64_1.4.0.202007081208/tools/bin/../lib/gcc/arm-none-eabi/7.3.1/../../../../arm-none-eabi/lib/thumb/v7e-m/fpv4-sp/hard/libc_nano.a(lib_a-ctype_.o)
                0x000000000807aa77                _ctype_
                0x000000000807ab78                . = ALIGN (0x4)

.ARM.extab      0x000000000807ab78        0x0
                0x000000000807ab78                . = ALIGN (0x4)
 *(.ARM.extab* .gnu.linkonce.armextab.*)
                0x000000000807ab78                . = ALIGN (0x4)

.ARM            0x000000000807ab78        0x8
                0x000000000807ab78                . = ALIGN (0x4)
                0x000000000807ab78                __exidx_start = .
 *(.ARM.exidx*)
 .ARM.exidx     0x000000000807ab78        0x8 /opt/st/stm32cubeide_1.4.0/plugins/com.st.stm32cube.ide.mcu.externaltools.gnu-tools-for-stm32.7-2018-q2-update.linux64_1.4.0.202007081208/tools/bin/../lib/gcc/arm-none-eabi/7.3.1/thumb/v7e-m/fpv4-sp/hard/libgcc.a(_udivmoddi4.o)
                0x000000000807ab80                __exidx_end = .
                0x000000000807ab80                . = ALIGN (0x4)

.rel.dyn        0x000000000807ab80        0x0
 .rel.iplt      0x000000000807ab80        0x0 /opt/st/stm32cubeide_1.4.0/plugins/com.st.stm32cube.ide.mcu.externaltools.gnu-tools-for-stm32.7-2018-q2-update.linux64_1.4.0.202007081208/tools/bin/../lib/gcc/arm-none-eabi/7.3.1/thumb/v7e-m/fpv4-sp/hard/crtbegin.o

.preinit_array  0x000000000807ab80        0x0
                0x000000000807ab80                . = ALIGN (0x4)
                0x000000000807ab80                PROVIDE (__preinit_array_start = .)
 *(.preinit_array*)
                0x000000000807ab80                PROVIDE (__preinit_array_end = .)
                0x000000000807ab80                . = ALIGN (0x4)

.init_array     0x000000000807ab80       0x14
                0x000000000807ab80                . = ALIGN (0x4)
                0x000000000807ab80                PROVIDE (__init_array_start = .)
 *(SORT_BY_NAME(.init_array.*))
 *(.init_array*)
 .init_array    0x000000000807ab80        0x4 /opt/st/stm32cubeide_1.4.0/plugins/com.st.stm32cube.ide.mcu.externaltools.gnu-tools-for-stm32.7-2018-q2-update.linux64_1.4.0.202007081208/tools/bin/../lib/gcc/arm-none-eabi/7.3.1/thumb/v7e-m/fpv4-sp/hard/crtbegin.o
 .init_array    0x000000000807ab84        0x4 Core/Src/ILI9341.o
 .init_array    0x000000000807ab88        0x4 Core/Src/Touch.o
 .init_array    0x000000000807ab8c        0x4 Core/Src/functions.o
 .init_array    0x000000000807ab90        0x4 Core/Src/main.o
                0x000000000807ab94                PROVIDE (__init_array_end = .)
                0x000000000807ab94                . = ALIGN (0x4)

.fini_array     0x000000000807ab94        0x4
                0x000000000807ab94                . = ALIGN (0x4)
                [!provide]                        PROVIDE (__fini_array_start = .)
 *(SORT_BY_NAME(.fini_array.*))
 *(.fini_array*)
 .fini_array    0x000000000807ab94        0x4 /opt/st/stm32cubeide_1.4.0/plugins/com.st.stm32cube.ide.mcu.externaltools.gnu-tools-for-stm32.7-2018-q2-update.linux64_1.4.0.202007081208/tools/bin/../lib/gcc/arm-none-eabi/7.3.1/thumb/v7e-m/fpv4-sp/hard/crtbegin.o
                [!provide]                        PROVIDE (__fini_array_end = .)
                0x000000000807ab98                . = ALIGN (0x4)
                0x000000000807ab98                _sidata = LOADADDR (.data)

.data           0x0000000020000000      0x1dc load address 0x000000000807ab98
                0x0000000020000000                . = ALIGN (0x4)
                0x0000000020000000                _sdata = .
 *(.data)
 *(.data*)
 .data.SystemCoreClock
                0x0000000020000000        0x4 Core/Src/system_stm32f4xx.o
                0x0000000020000000                SystemCoreClock
 .data.uwTickPrio
                0x0000000020000004        0x4 Drivers/STM32F4xx_HAL_Driver/Src/stm32f4xx_hal.o
                0x0000000020000004                uwTickPrio
 .data.uwTickFreq
                0x0000000020000008        0x1 Drivers/STM32F4xx_HAL_Driver/Src/stm32f4xx_hal.o
                0x0000000020000008                uwTickFreq
 *fill*         0x0000000020000009        0x3 
 .data._impure_ptr
                0x000000002000000c        0x4 /opt/st/stm32cubeide_1.4.0/plugins/com.st.stm32cube.ide.mcu.externaltools.gnu-tools-for-stm32.7-2018-q2-update.linux64_1.4.0.202007081208/tools/bin/../lib/gcc/arm-none-eabi/7.3.1/../../../../arm-none-eabi/lib/thumb/v7e-m/fpv4-sp/hard/libc_nano.a(lib_a-impure.o)
                0x000000002000000c                _impure_ptr
 .data.impure_data
                0x0000000020000010       0x60 /opt/st/stm32cubeide_1.4.0/plugins/com.st.stm32cube.ide.mcu.externaltools.gnu-tools-for-stm32.7-2018-q2-update.linux64_1.4.0.202007081208/tools/bin/../lib/gcc/arm-none-eabi/7.3.1/../../../../arm-none-eabi/lib/thumb/v7e-m/fpv4-sp/hard/libc_nano.a(lib_a-impure.o)
 .data.__global_locale
                0x0000000020000070      0x16c /opt/st/stm32cubeide_1.4.0/plugins/com.st.stm32cube.ide.mcu.externaltools.gnu-tools-for-stm32.7-2018-q2-update.linux64_1.4.0.202007081208/tools/bin/../lib/gcc/arm-none-eabi/7.3.1/../../../../arm-none-eabi/lib/thumb/v7e-m/fpv4-sp/hard/libc_nano.a(lib_a-locale.o)
                0x0000000020000070                __global_locale
                0x00000000200001dc                . = ALIGN (0x4)
                0x00000000200001dc                _edata = .

.igot.plt       0x00000000200001dc        0x0 load address 0x000000000807ad74
 .igot.plt      0x00000000200001dc        0x0 /opt/st/stm32cubeide_1.4.0/plugins/com.st.stm32cube.ide.mcu.externaltools.gnu-tools-for-stm32.7-2018-q2-update.linux64_1.4.0.202007081208/tools/bin/../lib/gcc/arm-none-eabi/7.3.1/thumb/v7e-m/fpv4-sp/hard/crtbegin.o
                0x00000000200001dc                . = ALIGN (0x4)

.bss            0x00000000200001e0      0x644 load address 0x000000000807ad74
                0x00000000200001e0                _sbss = .
                0x00000000200001e0                __bss_start__ = _sbss
 *(.bss)
 .bss           0x00000000200001e0       0x1c /opt/st/stm32cubeide_1.4.0/plugins/com.st.stm32cube.ide.mcu.externaltools.gnu-tools-for-stm32.7-2018-q2-update.linux64_1.4.0.202007081208/tools/bin/../lib/gcc/arm-none-eabi/7.3.1/thumb/v7e-m/fpv4-sp/hard/crtbegin.o
 *(.bss*)
 .bss._ZL11lightOffImg
                0x00000000200001fc       0x10 Core/Src/ILI9341.o
 .bss._ZL10lightOnImg
                0x000000002000020c       0x10 Core/Src/ILI9341.o
 .bss._ZL8minusImg
                0x000000002000021c       0x10 Core/Src/ILI9341.o
 .bss._ZL8pauseImg
                0x000000002000022c       0x10 Core/Src/ILI9341.o
 .bss._ZL6pcbImg
                0x000000002000023c       0x10 Core/Src/ILI9341.o
 .bss._ZL7playImg
                0x000000002000024c       0x10 Core/Src/ILI9341.o
 .bss._ZL7plusImg
                0x000000002000025c       0x10 Core/Src/ILI9341.o
 .bss._ZL9returnImg
                0x000000002000026c       0x10 Core/Src/ILI9341.o
 .bss._ZL14thermometerImg
                0x000000002000027c       0x10 Core/Src/ILI9341.o
 .bss._ZL11lightOffImg
                0x000000002000028c       0x10 Core/Src/Touch.o
 .bss._ZL10lightOnImg
                0x000000002000029c       0x10 Core/Src/Touch.o
 .bss._ZL8minusImg
                0x00000000200002ac       0x10 Core/Src/Touch.o
 .bss._ZL8pauseImg
                0x00000000200002bc       0x10 Core/Src/Touch.o
 .bss._ZL6pcbImg
                0x00000000200002cc       0x10 Core/Src/Touch.o
 .bss._ZL7playImg
                0x00000000200002dc       0x10 Core/Src/Touch.o
 .bss._ZL7plusImg
                0x00000000200002ec       0x10 Core/Src/Touch.o
 .bss._ZL9returnImg
                0x00000000200002fc       0x10 Core/Src/Touch.o
 .bss._ZL14thermometerImg
                0x000000002000030c       0x10 Core/Src/Touch.o
 .bss._ZL11lightOffImg
                0x000000002000031c       0x10 Core/Src/functions.o
 .bss._ZL10lightOnImg
                0x000000002000032c       0x10 Core/Src/functions.o
 .bss._ZL8minusImg
                0x000000002000033c       0x10 Core/Src/functions.o
 .bss._ZL8pauseImg
                0x000000002000034c       0x10 Core/Src/functions.o
 .bss._ZL6pcbImg
                0x000000002000035c       0x10 Core/Src/functions.o
 .bss._ZL7playImg
                0x000000002000036c       0x10 Core/Src/functions.o
 .bss._ZL7plusImg
                0x000000002000037c       0x10 Core/Src/functions.o
 .bss._ZL9returnImg
                0x000000002000038c       0x10 Core/Src/functions.o
 .bss._ZL14thermometerImg
                0x000000002000039c       0x10 Core/Src/functions.o
 .bss._ZZ16temperate_renderP9context_tE10soll_value
                0x00000000200003ac       0x1e Core/Src/functions.o
 *fill*         0x00000000200003ca        0x2 
 .bss._ZGVZ16temperate_renderP9context_tE10soll_value
                0x00000000200003cc        0x4 Core/Src/functions.o
 .bss._ZZ16temperate_renderP9context_tE9ist_value
                0x00000000200003d0       0x1e Core/Src/functions.o
 *fill*         0x00000000200003ee        0x2 
 .bss._ZGVZ16temperate_renderP9context_tE9ist_value
                0x00000000200003f0        0x4 Core/Src/functions.o
 .bss._ZZ16temperate_renderP9context_tE10duty_label
                0x00000000200003f4       0x1e Core/Src/functions.o
 *fill*         0x0000000020000412        0x2 
 .bss._ZGVZ16temperate_renderP9context_tE10duty_label
                0x0000000020000414        0x4 Core/Src/functions.o
 .bss._ZZ16temperate_renderP9context_tE7p_label
                0x0000000020000418       0x1e Core/Src/functions.o
 *fill*         0x0000000020000436        0x2 
 .bss._ZGVZ16temperate_renderP9context_tE7p_label
                0x0000000020000438        0x4 Core/Src/functions.o
 .bss._ZZ16temperate_renderP9context_tE7i_label
                0x000000002000043c       0x1e Core/Src/functions.o
 *fill*         0x000000002000045a        0x2 
 .bss._ZGVZ16temperate_renderP9context_tE7i_label
                0x000000002000045c        0x4 Core/Src/functions.o
 .bss._ZZ16temperate_renderP9context_tE7d_label
                0x0000000020000460       0x1e Core/Src/functions.o
 *fill*         0x000000002000047e        0x2 
 .bss._ZGVZ16temperate_renderP9context_tE7d_label
                0x0000000020000480        0x4 Core/Src/functions.o
 .bss._ZL11lightOffImg
                0x0000000020000484       0x10 Core/Src/main.o
 .bss._ZL10lightOnImg
                0x0000000020000494       0x10 Core/Src/main.o
 .bss._ZL8minusImg
                0x00000000200004a4       0x10 Core/Src/main.o
 .bss._ZL8pauseImg
                0x00000000200004b4       0x10 Core/Src/main.o
 .bss._ZL6pcbImg
                0x00000000200004c4       0x10 Core/Src/main.o
 .bss._ZL7playImg
                0x00000000200004d4       0x10 Core/Src/main.o
 .bss._ZL7plusImg
                0x00000000200004e4       0x10 Core/Src/main.o
 .bss._ZL9returnImg
                0x00000000200004f4       0x10 Core/Src/main.o
 .bss._ZL14thermometerImg
                0x0000000020000504       0x10 Core/Src/main.o
 *fill*         0x0000000020000514        0x4 
 .bss.interrupt_data
                0x0000000020000518       0x10 Core/Src/main.o
                0x0000000020000518                interrupt_data
 .bss.heap_end.6424
                0x0000000020000528        0x4 Core/Src/sysmem.o
 .bss.__malloc_free_list
                0x000000002000052c        0x4 /opt/st/stm32cubeide_1.4.0/plugins/com.st.stm32cube.ide.mcu.externaltools.gnu-tools-for-stm32.7-2018-q2-update.linux64_1.4.0.202007081208/tools/bin/../lib/gcc/arm-none-eabi/7.3.1/../../../../arm-none-eabi/lib/thumb/v7e-m/fpv4-sp/hard/libc_nano.a(lib_a-nano-mallocr.o)
                0x000000002000052c                __malloc_free_list
 .bss.__malloc_sbrk_start
                0x0000000020000530        0x4 /opt/st/stm32cubeide_1.4.0/plugins/com.st.stm32cube.ide.mcu.externaltools.gnu-tools-for-stm32.7-2018-q2-update.linux64_1.4.0.202007081208/tools/bin/../lib/gcc/arm-none-eabi/7.3.1/../../../../arm-none-eabi/lib/thumb/v7e-m/fpv4-sp/hard/libc_nano.a(lib_a-nano-mallocr.o)
                0x0000000020000530                __malloc_sbrk_start
 *(COMMON)
 COMMON         0x0000000020000534       0x90 Core/Src/adc.o
                0x0000000020000534                hadc2
                0x000000002000057c                hadc1
 COMMON         0x00000000200005c4       0x58 Core/Src/spi.o
                0x00000000200005c4                hspi1
 COMMON         0x000000002000061c      0x200 Core/Src/tim.o
                0x000000002000061c                htim4
                0x000000002000065c                htim10
                0x000000002000069c                htim5
                0x00000000200006dc                htim3
                0x000000002000071c                htim6
                0x000000002000075c                htim9
                0x000000002000079c                htim2
                0x00000000200007dc                htim7
 COMMON         0x000000002000081c        0x4 Drivers/STM32F4xx_HAL_Driver/Src/stm32f4xx_hal.o
                0x000000002000081c                uwTick
 COMMON         0x0000000020000820        0x4 /opt/st/stm32cubeide_1.4.0/plugins/com.st.stm32cube.ide.mcu.externaltools.gnu-tools-for-stm32.7-2018-q2-update.linux64_1.4.0.202007081208/tools/bin/../lib/gcc/arm-none-eabi/7.3.1/../../../../arm-none-eabi/lib/thumb/v7e-m/fpv4-sp/hard/libc_nano.a(lib_a-reent.o)
                0x0000000020000820                errno
                0x0000000020000824                . = ALIGN (0x4)
                0x0000000020000824                _ebss = .
                0x0000000020000824                __bss_end__ = _ebss

._user_heap_stack
                0x0000000020000824      0xc04 load address 0x000000000807ad74
                0x0000000020000828                . = ALIGN (0x8)
 *fill*         0x0000000020000824        0x4 
                0x0000000020000828                PROVIDE (end = .)
                [!provide]                        PROVIDE (_end = .)
                0x0000000020001028                . = (. + _Min_Heap_Size)
 *fill*         0x0000000020000828      0x800 
                0x0000000020001428                . = (. + _Min_Stack_Size)
 *fill*         0x0000000020001028      0x400 
                0x0000000020001428                . = ALIGN (0x8)

/DISCARD/
 libc.a(*)
 libm.a(*)
 libgcc.a(*)

.ARM.attributes
                0x0000000000000000       0x30
 *(.ARM.attributes)
 .ARM.attributes
                0x0000000000000000       0x22 /opt/st/stm32cubeide_1.4.0/plugins/com.st.stm32cube.ide.mcu.externaltools.gnu-tools-for-stm32.7-2018-q2-update.linux64_1.4.0.202007081208/tools/bin/../lib/gcc/arm-none-eabi/7.3.1/thumb/v7e-m/fpv4-sp/hard/crti.o
 .ARM.attributes
                0x0000000000000022       0x34 /opt/st/stm32cubeide_1.4.0/plugins/com.st.stm32cube.ide.mcu.externaltools.gnu-tools-for-stm32.7-2018-q2-update.linux64_1.4.0.202007081208/tools/bin/../lib/gcc/arm-none-eabi/7.3.1/thumb/v7e-m/fpv4-sp/hard/crtbegin.o
 .ARM.attributes
                0x0000000000000056       0x39 Core/Src/ControllerPID.o
 .ARM.attributes
                0x000000000000008f       0x39 Core/Src/ILI9341.o
 .ARM.attributes
                0x00000000000000c8       0x39 Core/Src/Load.o
 .ARM.attributes
                0x0000000000000101       0x39 Core/Src/MAX31855.o
 .ARM.attributes
                0x000000000000013a       0x39 Core/Src/Touch.o
 .ARM.attributes
                0x0000000000000173       0x39 Core/Src/adc.o
 .ARM.attributes
                0x00000000000001ac       0x39 Core/Src/functions.o
 .ARM.attributes
                0x00000000000001e5       0x39 Core/Src/gpio.o
 .ARM.attributes
                0x000000000000021e       0x39 Core/Src/main.o
 .ARM.attributes
                0x0000000000000257       0x39 Core/Src/spi.o
 .ARM.attributes
                0x0000000000000290       0x39 Core/Src/stm32f4xx_hal_msp.o
 .ARM.attributes
                0x00000000000002c9       0x39 Core/Src/stm32f4xx_it.o
 .ARM.attributes
                0x0000000000000302       0x39 Core/Src/sysmem.o
 .ARM.attributes
                0x000000000000033b       0x39 Core/Src/system_stm32f4xx.o
 .ARM.attributes
                0x0000000000000374       0x39 Core/Src/tim.o
 .ARM.attributes
                0x00000000000003ad       0x21 Core/Startup/startup_stm32f405rgtx.o
 .ARM.attributes
                0x00000000000003ce       0x39 Drivers/STM32F4xx_HAL_Driver/Src/stm32f4xx_hal.o
 .ARM.attributes
                0x0000000000000407       0x39 Drivers/STM32F4xx_HAL_Driver/Src/stm32f4xx_hal_adc.o
 .ARM.attributes
                0x0000000000000440       0x39 Drivers/STM32F4xx_HAL_Driver/Src/stm32f4xx_hal_cortex.o
 .ARM.attributes
                0x0000000000000479       0x39 Drivers/STM32F4xx_HAL_Driver/Src/stm32f4xx_hal_gpio.o
 .ARM.attributes
                0x00000000000004b2       0x39 Drivers/STM32F4xx_HAL_Driver/Src/stm32f4xx_hal_rcc.o
 .ARM.attributes
                0x00000000000004eb       0x39 Drivers/STM32F4xx_HAL_Driver/Src/stm32f4xx_hal_spi.o
 .ARM.attributes
                0x0000000000000524       0x39 Drivers/STM32F4xx_HAL_Driver/Src/stm32f4xx_hal_tim.o
 .ARM.attributes
                0x000000000000055d       0x39 Drivers/STM32F4xx_HAL_Driver/Src/stm32f4xx_hal_tim_ex.o
 .ARM.attributes
                0x0000000000000596       0x34 /opt/st/stm32cubeide_1.4.0/plugins/com.st.stm32cube.ide.mcu.externaltools.gnu-tools-for-stm32.7-2018-q2-update.linux64_1.4.0.202007081208/tools/bin/../lib/gcc/arm-none-eabi/7.3.1/../../../../arm-none-eabi/lib/thumb/v7e-m/fpv4-sp/hard/libstdc++_nano.a(del_ops.o)
 .ARM.attributes