ControllerPID.cpp:10:1:ControllerPID::ControllerPID()	16	static
ControllerPID.cpp:17:6:void ControllerPID::Init(float)	16	static
ControllerPID.cpp:28:6:void ControllerPID::ClampIntegral()	24	static
ControllerPID.cpp:48:6:void ControllerPID::Update(float)	24	static
ControllerPID.cpp:81:7:float ControllerPID::GetOutput() const	16	static
ControllerPID.cpp:86:7:float ControllerPID::GetTarget() const	16	static
ControllerPID.cpp:91:6:void ControllerPID::SetTarget(float)	16	static
ControllerPID.cpp:101:7:float ControllerPID::GetKp() const	16	static
ControllerPID.cpp:106:6:void ControllerPID::SetKp(float)	16	static
ControllerPID.cpp:111:7:float ControllerPID::GetKi() const	16	static
ControllerPID.cpp:116:6:void ControllerPID::SetKi(float)	16	static
ControllerPID.cpp:121:7:float ControllerPID::GetKd() const	16	static
ControllerPID.cpp:126:6:void ControllerPID::SetKd(float)	16	static
ControllerPID.cpp:131:7:float ControllerPID::GetProportional() const	16	static
ControllerPID.cpp:136:7:float ControllerPID::GetIntegral() const	16	static
ControllerPID.cpp:141:7:float ControllerPID::GetDerivative() const	16	static
ControllerPID.cpp:146:7:float ControllerPID::GetMaxOutput() const	16	static
ControllerPID.cpp:151:6:void ControllerPID::SetMaxOutput(float)	16	static
ControllerPID.cpp:156:6:void ControllerPID::ResetToDefault()	16	static
ControllerPID.cpp:163:1:ControllerPID::~ControllerPID()	16	static
ControllerPID.cpp:163:1:virtual ControllerPID::~ControllerPID()	16	static
