Flash_Icons.h:23:5:img_data_t::img_data_t(const uint16_t*, uint16_t, uint16_t, uint16_t, uint16_t, uint32_t)	24	static
Flash_Icons.h:41:5:label_t::label_t(char*, uint16_t, uint16_t, uint16_t, uint16_t, uint16_t)	24	static
Flash_Icons.h:47:5:label_t::label_t(uint16_t, uint16_t, uint16_t, uint16_t, uint16_t)	24	static
functions.cpp:13:6:void boot_initSystem(context_t*)	32	static
functions.cpp:41:6:void menu_init(context_t*)	24	static
functions.cpp:62:6:void menu_update(context_t*)	16	static
functions.cpp:75:6:void reflow_init(context_t*)	16	static
functions.cpp:80:6:void reflow_update(context_t*)	16	static
functions.cpp:87:6:void temperate_init(context_t*)	128	static
functions.cpp:147:6:void temperate_update(context_t*)	32	static
functions.cpp:235:6:void temperate_render(context_t*)	40	static
functions.cpp:272:6:void options_init(context_t*)	16	static
functions.cpp:280:6:void options_update(context_t*)	16	static
functions.cpp:288:6:void error_show(context_t*)	16	static
functions.cpp:297:10:uint64_t Micros()	28	static
functions.cpp:305:10:uint64_t Millis()	16	static
functions.cpp:313:10:uint64_t Seconds()	16	static
functions.cpp:322:6:void Delay_US(uint64_t)	32	static
functions.cpp:332:6:void Delay_MS(uint64_t)	32	static
functions.cpp:336:1:void __static_initialization_and_destruction_0(int, int)	32	static
functions.cpp:336:1:cpp)	8	static
