Flash_Icons.h:23:5:img_data_t::img_data_t(const uint16_t*, uint16_t, uint16_t, uint16_t, uint16_t, uint32_t)	24	static
ILI9341.h:60:13:ILI9341::~ILI9341()	16	static
ILI9341.h:60:13:virtual ILI9341::~ILI9341()	16	static
ILI9341.cpp:10:1:ILI9341::ILI9341(uint8_t)	16	static
ILI9341.cpp:15:6:void ILI9341::SendCommand(uint8_t)	16	static
ILI9341.cpp:26:6:void ILI9341::SendData(uint8_t)	16	static
ILI9341.cpp:37:6:void ILI9341::SetCursorPosition(uint16_t, uint16_t, uint16_t, uint16_t)	24	static
ILI9341.cpp:54:6:void ILI9341::Init()	16	static
ILI9341.cpp:124:6:void ILI9341::Reset()	16	static
ILI9341.cpp:131:6:void ILI9341::SetRotation(uint8_t)	16	static
ILI9341.cpp:161:6:void ILI9341::DrawPixel(uint16_t, uint16_t, uint16_t)	32	static
ILI9341.cpp:168:6:void ILI9341::Fill(uint16_t)	24	static
ILI9341.cpp:173:6:void ILI9341::DrawRect(uint16_t, uint16_t, uint16_t, uint16_t, uint16_t)	40	static
ILI9341.cpp:184:6:void ILI9341::FillRect(uint16_t, uint16_t, uint16_t, uint16_t, uint16_t)	40	static
ILI9341.cpp:201:6:void ILI9341::DrawCircle(int16_t, int16_t, int16_t, uint16_t)	24	static
ILI9341.cpp:205:6:void ILI9341::FillCircle(int16_t, int16_t, int16_t, uint16_t)	24	static
ILI9341.cpp:209:6:void ILI9341::DrawLine(int16_t, int16_t, int16_t, int16_t, uint16_t)	24	static
ILI9341.cpp:213:6:void ILI9341::DrawFastHLine(int16_t, int16_t, int16_t, uint16_t)	40	static
ILI9341.cpp:227:6:void ILI9341::DrawFastVLine(int16_t, int16_t, int16_t, uint16_t)	48	static
ILI9341.cpp:241:6:void ILI9341::DrawTriangle(int16_t, int16_t, int16_t, int16_t, int16_t, int16_t, uint16_t)	24	static
ILI9341.cpp:246:6:void ILI9341::FillTriangle(int16_t, int16_t, int16_t, int16_t, int16_t, int16_t, uint16_t)	24	static
ILI9341.cpp:251:6:void ILI9341::DrawChar(int16_t, int16_t, uint8_t, uint16_t, uint16_t, uint8_t)	48	static
ILI9341.cpp:296:10:uint16_t ILI9341::Width() const	16	static
ILI9341.cpp:301:10:uint16_t ILI9341::Height() const	16	static
ILI9341.cpp:306:6:void ILI9341::Print(char*, int16_t, int16_t, uint16_t, uint16_t, uint8_t)	48	static
ILI9341.cpp:316:6:void ILI9341::Print(label_t*)	48	static
ILI9341.cpp:327:6:void ILI9341::Image(uint16_t, uint16_t, uint16_t, uint16_t, const uint16_t*, uint32_t)	40	static
ILI9341.cpp:341:6:void ILI9341::Image(img_data_t*)	40	static
ILI9341.cpp:350:1:void __static_initialization_and_destruction_0(int, int)	32	static
ILI9341.cpp:350:1:cpp)	8	static
